Archive member included to satisfy reference by file (symbol)

C:/ST/STM32CubeIDE_1.19.0/STM32CubeIDE/plugins/com.st.stm32cube.ide.mcu.externaltools.gnu-tools-for-stm32.13.3.rel1.win32_1.0.0.202411081344/tools/bin/../lib/gcc/arm-none-eabi/13.3.1/../../../../arm-none-eabi/lib/thumb/v7e-m+fp/hard\libc_nano.a(libc_a-exit.o)
                              C:/ST/STM32CubeIDE_1.19.0/STM32CubeIDE/plugins/com.st.stm32cube.ide.mcu.externaltools.gnu-tools-for-stm32.13.3.rel1.win32_1.0.0.202411081344/tools/bin/../lib/gcc/arm-none-eabi/13.3.1/../../../../arm-none-eabi/lib/thumb/v7e-m+fp/hard/crt0.o (exit)
C:/ST/STM32CubeIDE_1.19.0/STM32CubeIDE/plugins/com.st.stm32cube.ide.mcu.externaltools.gnu-tools-for-stm32.13.3.rel1.win32_1.0.0.202411081344/tools/bin/../lib/gcc/arm-none-eabi/13.3.1/../../../../arm-none-eabi/lib/thumb/v7e-m+fp/hard\libc_nano.a(libc_a-findfp.o)
                              C:/ST/STM32CubeIDE_1.19.0/STM32CubeIDE/plugins/com.st.stm32cube.ide.mcu.externaltools.gnu-tools-for-stm32.13.3.rel1.win32_1.0.0.202411081344/tools/bin/../lib/gcc/arm-none-eabi/13.3.1/../../../../arm-none-eabi/lib/thumb/v7e-m+fp/hard\libc_nano.a(libc_a-exit.o) (__stdio_exit_handler)
C:/ST/STM32CubeIDE_1.19.0/STM32CubeIDE/plugins/com.st.stm32cube.ide.mcu.externaltools.gnu-tools-for-stm32.13.3.rel1.win32_1.0.0.202411081344/tools/bin/../lib/gcc/arm-none-eabi/13.3.1/../../../../arm-none-eabi/lib/thumb/v7e-m+fp/hard\libc_nano.a(libc_a-fwalk.o)
                              C:/ST/STM32CubeIDE_1.19.0/STM32CubeIDE/plugins/com.st.stm32cube.ide.mcu.externaltools.gnu-tools-for-stm32.13.3.rel1.win32_1.0.0.202411081344/tools/bin/../lib/gcc/arm-none-eabi/13.3.1/../../../../arm-none-eabi/lib/thumb/v7e-m+fp/hard\libc_nano.a(libc_a-findfp.o) (_fwalk_sglue)
C:/ST/STM32CubeIDE_1.19.0/STM32CubeIDE/plugins/com.st.stm32cube.ide.mcu.externaltools.gnu-tools-for-stm32.13.3.rel1.win32_1.0.0.202411081344/tools/bin/../lib/gcc/arm-none-eabi/13.3.1/../../../../arm-none-eabi/lib/thumb/v7e-m+fp/hard\libc_nano.a(libc_a-stdio.o)
                              C:/ST/STM32CubeIDE_1.19.0/STM32CubeIDE/plugins/com.st.stm32cube.ide.mcu.externaltools.gnu-tools-for-stm32.13.3.rel1.win32_1.0.0.202411081344/tools/bin/../lib/gcc/arm-none-eabi/13.3.1/../../../../arm-none-eabi/lib/thumb/v7e-m+fp/hard\libc_nano.a(libc_a-findfp.o) (__sread)
C:/ST/STM32CubeIDE_1.19.0/STM32CubeIDE/plugins/com.st.stm32cube.ide.mcu.externaltools.gnu-tools-for-stm32.13.3.rel1.win32_1.0.0.202411081344/tools/bin/../lib/gcc/arm-none-eabi/13.3.1/../../../../arm-none-eabi/lib/thumb/v7e-m+fp/hard\libc_nano.a(libc_a-memset.o)
                              C:/ST/STM32CubeIDE_1.19.0/STM32CubeIDE/plugins/com.st.stm32cube.ide.mcu.externaltools.gnu-tools-for-stm32.13.3.rel1.win32_1.0.0.202411081344/tools/bin/../lib/gcc/arm-none-eabi/13.3.1/../../../../arm-none-eabi/lib/thumb/v7e-m+fp/hard/crt0.o (memset)
C:/ST/STM32CubeIDE_1.19.0/STM32CubeIDE/plugins/com.st.stm32cube.ide.mcu.externaltools.gnu-tools-for-stm32.13.3.rel1.win32_1.0.0.202411081344/tools/bin/../lib/gcc/arm-none-eabi/13.3.1/../../../../arm-none-eabi/lib/thumb/v7e-m+fp/hard\libc_nano.a(libc_a-closer.o)
                              C:/ST/STM32CubeIDE_1.19.0/STM32CubeIDE/plugins/com.st.stm32cube.ide.mcu.externaltools.gnu-tools-for-stm32.13.3.rel1.win32_1.0.0.202411081344/tools/bin/../lib/gcc/arm-none-eabi/13.3.1/../../../../arm-none-eabi/lib/thumb/v7e-m+fp/hard\libc_nano.a(libc_a-stdio.o) (_close_r)
C:/ST/STM32CubeIDE_1.19.0/STM32CubeIDE/plugins/com.st.stm32cube.ide.mcu.externaltools.gnu-tools-for-stm32.13.3.rel1.win32_1.0.0.202411081344/tools/bin/../lib/gcc/arm-none-eabi/13.3.1/../../../../arm-none-eabi/lib/thumb/v7e-m+fp/hard\libc_nano.a(libc_a-reent.o)
                              C:/ST/STM32CubeIDE_1.19.0/STM32CubeIDE/plugins/com.st.stm32cube.ide.mcu.externaltools.gnu-tools-for-stm32.13.3.rel1.win32_1.0.0.202411081344/tools/bin/../lib/gcc/arm-none-eabi/13.3.1/../../../../arm-none-eabi/lib/thumb/v7e-m+fp/hard\libc_nano.a(libc_a-closer.o) (errno)
C:/ST/STM32CubeIDE_1.19.0/STM32CubeIDE/plugins/com.st.stm32cube.ide.mcu.externaltools.gnu-tools-for-stm32.13.3.rel1.win32_1.0.0.202411081344/tools/bin/../lib/gcc/arm-none-eabi/13.3.1/../../../../arm-none-eabi/lib/thumb/v7e-m+fp/hard\libc_nano.a(libc_a-impure.o)
                              C:/ST/STM32CubeIDE_1.19.0/STM32CubeIDE/plugins/com.st.stm32cube.ide.mcu.externaltools.gnu-tools-for-stm32.13.3.rel1.win32_1.0.0.202411081344/tools/bin/../lib/gcc/arm-none-eabi/13.3.1/../../../../arm-none-eabi/lib/thumb/v7e-m+fp/hard\libc_nano.a(libc_a-reent.o) (_impure_ptr)
C:/ST/STM32CubeIDE_1.19.0/STM32CubeIDE/plugins/com.st.stm32cube.ide.mcu.externaltools.gnu-tools-for-stm32.13.3.rel1.win32_1.0.0.202411081344/tools/bin/../lib/gcc/arm-none-eabi/13.3.1/../../../../arm-none-eabi/lib/thumb/v7e-m+fp/hard\libc_nano.a(libc_a-lseekr.o)
[...]
Memory Configuration

Name             Origin             Length             Attributes
CCMRAM           0x10000000         0x00002000         xrw
RAM              0x20000000         0x0000a000         xrw
FLASH            0x08000000         0x00040000         xr
*default*        0x00000000         0xffffffff

Linker script and memory map

LOAD C:/ST/STM32CubeIDE_1.19.0/STM32CubeIDE/plugins/com.st.stm32cube.ide.mcu.externaltools.gnu-tools-for-stm32.13.3.rel1.win32_1.0.0.202411081344/tools/bin/../lib/gcc/arm-none-eabi/13.3.1/thumb/v7e-m+fp/hard/crti.o
LOAD C:/ST/STM32CubeIDE_1.19.0/STM32CubeIDE/plugins/com.st.stm32cube.ide.mcu.externaltools.gnu-tools-for-stm32.13.3.rel1.win32_1.0.0.202411081344/tools/bin/../lib/gcc/arm-none-eabi/13.3.1/thumb/v7e-m+fp/hard/crtbegin.o
LOAD C:/ST/STM32CubeIDE_1.19.0/STM32CubeIDE/plugins/com.st.stm32cube.ide.mcu.externaltools.gnu-tools-for-stm32.13.3.rel1.win32_1.0.0.202411081344/tools/bin/../lib/gcc/arm-none-eabi/13.3.1/../../../../arm-none-eabi/lib/thumb/v7e-m+fp/hard/crt0.o
LOAD ./BSP/Src/brake.o
LOAD ./BSP/Src/current_sensor.o
LOAD ./BSP/Src/direction.o
LOAD ./BSP/Src/hall_sensor_driver.o
LOAD ./BSP/Src/pwm_driver.o
LOAD ./BSP/Src/temperature_sensor.o
LOAD ./BSP/Src/throttle.o
LOAD ./BSP/Src/voltage_sensor.o
LOAD ./Control/Src/commutation.o
LOAD ./Control/Src/motor_control.o
LOAD ./Control/Src/state_machine.o
LOAD ./Core/Src/adc.o
LOAD ./Core/Src/dma.o
LOAD ./Core/Src/gpio.o
LOAD ./Core/Src/main.o
LOAD ./Core/Src/opamp.o
LOAD ./Core/Src/stm32f3xx_hal_msp.o
LOAD ./Core/Src/stm32f3xx_it.o
LOAD ./Core/Src/syscalls.o
LOAD ./Core/Src/sysmem.o
LOAD ./Core/Src/system_stm32f3xx.o
LOAD ./Core/Src/tim.o
LOAD ./Core/Startup/startup_stm32f303cctx.o
LOAD ./Drivers/STM32F3xx_HAL_Driver/Src/stm32f3xx_hal.o
LOAD ./Drivers/STM32F3xx_HAL_Driver/Src/stm32f3xx_hal_adc.o
LOAD ./Drivers/STM32F3xx_HAL_Driver/Src/stm32f3xx_hal_adc_ex.o
LOAD ./Drivers/STM32F3xx_HAL_Driver/Src/stm32f3xx_hal_cortex.o
LOAD ./Drivers/STM32F3xx_HAL_Driver/Src/stm32f3xx_hal_dma.o
LOAD ./Drivers/STM32F3xx_HAL_Driver/Src/stm32f3xx_hal_exti.o
LOAD ./Drivers/STM32F3xx_HAL_Driver/Src/stm32f3xx_hal_flash.o
LOAD ./Drivers/STM32F3xx_HAL_Driver/Src/stm32f3xx_hal_flash_ex.o
LOAD ./Drivers/STM32F3xx_HAL_Driver/Src/stm32f3xx_hal_gpio.o
LOAD ./Drivers/STM32F3xx_HAL_Driver/Src/stm32f3xx_hal_i2c.o
LOAD ./Drivers/STM32F3xx_HAL_Driver/Src/stm32f3xx_hal_i2c_ex.o
LOAD ./Drivers/STM32F3xx_HAL_Driver/Src/stm32f3xx_hal_opamp.o
LOAD ./Drivers/STM32F3xx_HAL_Driver/Src/stm32f3xx_hal_opamp_ex.o
LOAD ./Drivers/STM32F3xx_HAL_Driver/Src/stm32f3xx_hal_pwr.o
LOAD ./Drivers/STM32F3xx_HAL_Driver/Src/stm32f3xx_hal_pwr_ex.o
LOAD ./Drivers/STM32F3xx_HAL_Driver/Src/stm32f3xx_hal_rcc.o
LOAD ./Drivers/STM32F3xx_HAL_Driver/Src/stm32f3xx_hal_rcc_ex.o
LOAD ./Drivers/STM32F3xx_HAL_Driver/Src/stm32f3xx_hal_tim.o
LOAD ./Drivers/STM32F3xx_HAL_Driver/Src/stm32f3xx_hal_tim_ex.o
LOAD ./HAL/Src/hal_adc.o
LOAD ./HAL/Src/hal_gpio.o
LOAD ./HAL/Src/hal_timer.o
LOAD ./Utils/Src/filter.o
START GROUP
LOAD C:/ST/STM32CubeIDE_1.19.0/STM32CubeIDE/plugins/com.st.stm32cube.ide.mcu.externaltools.gnu-tools-for-stm32.13.3.rel1.win32_1.0.0.202411081344/tools/bin/../lib/gcc/arm-none-eabi/13.3.1/../../../../arm-none-eabi/lib/thumb/v7e-m+fp/hard\libc_nano.a
LOAD C:/ST/STM32CubeIDE_1.19.0/STM32CubeIDE/plugins/com.st.stm32cube.ide.mcu.externaltools.gnu-tools-for-stm32.13.3.rel1.win32_1.0.0.202411081344/tools/bin/../lib/gcc/arm-none-eabi/13.3.1/../../../../arm-none-eabi/lib/thumb/v7e-m+fp/hard\libm.a
END GROUP
START GROUP
LOAD C:/ST/STM32CubeIDE_1.19.0/STM32CubeIDE/plugins/com.st.stm32cube.ide.mcu.externaltools.gnu-tools-for-stm32.13.3.rel1.win32_1.0.0.202411081344/tools/bin/../lib/gcc/arm-none-eabi/13.3.1/thumb/v7e-m+fp/hard\libgcc.a
LOAD C:/ST/STM32CubeIDE_1.19.0/STM32CubeIDE/plugins/com.st.stm32cube.ide.mcu.externaltools.gnu-tools-for-stm32.13.3.rel1.win32_1.0.0.202411081344/tools/bin/../lib/gcc/arm-none-eabi/13.3.1/../../../../arm-none-eabi/lib/thumb/v7e-m+fp/hard\libc_nano.a
END GROUP
START GROUP
LOAD C:/ST/STM32CubeIDE_1.19.0/STM32CubeIDE/plugins/com.st.stm32cube.ide.mcu.externaltools.gnu-tools-for-stm32.13.3.rel1.win32_1.0.0.202411081344/tools/bin/../lib/gcc/arm-none-eabi/13.3.1/thumb/v7e-m+fp/hard\libgcc.a
LOAD C:/ST/STM32CubeIDE_1.19.0/STM32CubeIDE/plugins/com.st.stm32cube.ide.mcu.externaltools.gnu-tools-for-stm32.13.3.rel1.win32_1.0.0.202411081344/tools/bin/../lib/gcc/arm-none-eabi/13.3.1/../../../../arm-none-eabi/lib/thumb/v7e-m+fp/hard\libc_nano.a
LOAD C:/ST/STM32CubeIDE_1.19.0/STM32CubeIDE/plugins/com.st.stm32cube.ide.mcu.externaltools.gnu-tools-for-stm32.13.3.rel1.win32_1.0.0.202411081344/tools/bin/../lib/gcc/arm-none-eabi/13.3.1/../../../../arm-none-eabi/lib/thumb/v7e-m+fp/hard\libnosys.a
END GROUP
START GROUP
LOAD C:/ST/STM32CubeIDE_1.19.0/STM32CubeIDE/plugins/com.st.stm32cube.ide.mcu.externaltools.gnu-tools-for-stm32.13.3.rel1.win32_1.0.0.202411081344/tools/bin/../lib/gcc/arm-none-eabi/13.3.1/thumb/v7e-m+fp/hard\libgcc.a
LOAD C:/ST/STM32CubeIDE_1.19.0/STM32CubeIDE/plugins/com.st.stm32cube.ide.mcu.externaltools.gnu-tools-for-stm32.13.3.rel1.win32_1.0.0.202411081344/tools/bin/../lib/gcc/arm-none-eabi/13.3.1/../../../../arm-none-eabi/lib/thumb/v7e-m+fp/hard\libc_nano.a
LOAD C:/ST/STM32CubeIDE_1.19.0/STM32CubeIDE/plugins/com.st.stm32cube.ide.mcu.externaltools.gnu-tools-for-stm32.13.3.rel1.win32_1.0.0.202411081344/tools/bin/../lib/gcc/arm-none-eabi/13.3.1/../../../../arm-none-eabi/lib/thumb/v7e-m+fp/hard\libnosys.a
END GROUP
LOAD C:/ST/STM32CubeIDE_1.19.0/STM32CubeIDE/plugins/com.st.stm32cube.ide.mcu.externaltools.gnu-tools-for-stm32.13.3.rel1.win32_1.0.0.202411081344/tools/bin/../lib/gcc/arm-none-eabi/13.3.1/thumb/v7e-m+fp/hard/crtend.o
LOAD C:/ST/STM32CubeIDE_1.19.0/STM32CubeIDE/plugins/com.st.stm32cube.ide.mcu.externaltools.gnu-tools-for-stm32.13.3.rel1.win32_1.0.0.202411081344/tools/bin/../lib/gcc/arm-none-eabi/13.3.1/thumb/v7e-m+fp/hard/crtn.o
                0x2000a000                        _estack = (ORIGIN (RAM) + LENGTH (RAM))
                0x00000200                        _Min_Heap_Size = 0x200
                0x00000400                        _Min_Stack_Size = 0x400

.isr_vector     0x08000000      0x188
                0x08000000                        . = ALIGN (0x4)
 *(.isr_vector)
 .isr_vector    0x08000000      0x188 ./Core/Startup/startup_stm32f303cctx.o
                0x08000000                g_pfnVectors
                0x08000188                        . = ALIGN (0x4)

.text           0x08000188     0x689c
                0x08000188                        . = ALIGN (0x4)
 *(.text)
 .text          0x08000188       0x40 C:/ST/STM32CubeIDE_1.19.0/STM32CubeIDE/plugins/com.st.stm32cube.ide.mcu.externaltools.gnu-tools-for-stm32.13.3.rel1.win32_1.0.0.202411081344/tools/bin/../lib/gcc/arm-none-eabi/13.3.1/thumb/v7e-m+fp/hard/crtbegin.o
 *(.text*)
 .text.brake_init
                0x080001c8       0x18 ./BSP/Src/brake.o
                0x080001c8                brake_init
 .text.brake_update
                0x080001e0       0x2c ./BSP/Src/brake.o
                0x080001e0                brake_update
 .text.brake_is_pressed
                0x0800020c       0x18 ./BSP/Src/brake.o
                0x0800020c                brake_is_pressed
 .text.current_sensor_init
                0x08000224       0x1c ./BSP/Src/current_sensor.o
                0x08000224                current_sensor_init
 .text.current_sensor_update
                0x08000240       0x6c ./BSP/Src/current_sensor.o
                0x08000240                current_sensor_update
 .text.current_sensor_get_phase_current
                0x080002ac       0x1c ./BSP/Src/current_sensor.o
                0x080002ac                current_sensor_get_phase_current
 .text.direction_init
                0x080002c8       0x18 ./BSP/Src/direction.o
                0x080002c8                direction_init
 .text.direction_update
                0x080002e0       0x24 ./BSP/Src/direction.o
                0x080002e0                direction_update
 .text.direction_get
                0x08000304       0x18 ./BSP/Src/direction.o
                0x08000304                direction_get
 .text.hall_sensor_init
                0x0800031c       0x38 ./BSP/Src/hall_sensor_driver.o
                0x0800031c                hall_sensor_init
 .text.hall_sensor_update
                0x08000354       0x84 ./BSP/Src/hall_sensor_driver.o
                0x08000354                hall_sensor_update
 .text.hall_sensor_get_sector
                0x080003d8       0x18 ./BSP/Src/hall_sensor_driver.o
                0x080003d8                hall_sensor_get_sector
 .text.hall_sensor_is_valid
                0x080003f0       0x20 ./BSP/Src/hall_sensor_driver.o
                0x080003f0                hall_sensor_is_valid
 .text.pwm_driver_init
                0x08000410       0x24 ./BSP/Src/pwm_driver.o
                0x08000410                pwm_driver_init
 .text.pwm_driver_start
                0x08000434       0x22 ./BSP/Src/pwm_driver.o
                0x08000434                pwm_driver_start
 .text.pwm_driver_stop
                0x08000456       0x22 ./BSP/Src/pwm_driver.o
                0x08000456                pwm_driver_stop
 .text.pwm_driver_set_duty_percent
                0x08000478       0x64 ./BSP/Src/pwm_driver.o
                0x08000478                pwm_driver_set_duty_percent
 .text.pwm_driver_stop_all
                0x080004dc       0x32 ./BSP/Src/pwm_driver.o
                0x080004dc                pwm_driver_stop_all
 *fill*         0x0800050e        0x2 
 .text.calculate_temperature
                0x08000510       0xac ./BSP/Src/temperature_sensor.o
 .text.temperature_sensor_init
                0x080005bc       0x28 ./BSP/Src/temperature_sensor.o
                0x080005bc                temperature_sensor_init
 .text.temperature_sensor_update
                0x080005e4       0x50 ./BSP/Src/temperature_sensor.o
                0x080005e4                temperature_sensor_update
 .text.throttle_init
                0x08000634       0x18 ./BSP/Src/throttle.o
                0x08000634                throttle_init
 .text.throttle_update
                0x0800064c       0x68 ./BSP/Src/throttle.o
                0x0800064c                throttle_update
 .text.throttle_get_percent
                0x080006b4       0x18 ./BSP/Src/throttle.o
                0x080006b4                throttle_get_percent
 .text.voltage_sensor_init
                0x080006cc       0x1c ./BSP/Src/voltage_sensor.o
                0x080006cc                voltage_sensor_init
 .text.voltage_sensor_update
                0x080006e8       0x54 ./BSP/Src/voltage_sensor.o
                0x080006e8                voltage_sensor_update
 .text.apply_phase_state
                0x0800073c       0x6c ./Control/Src/commutation.o
 .text.commutation_init
                0x080007a8        0xc ./Control/Src/commutation.o
                0x080007a8                commutation_init
 .text.commutation_update
                0x080007b4       0x74 ./Control/Src/commutation.o
                0x080007b4                commutation_update
 .text.commutation_stop
                0x08000828        0xc ./Control/Src/commutation.o
                0x08000828                commutation_stop
 .text.motor_control_init
                0x08000834       0x48 ./Control/Src/motor_control.o
                0x08000834                motor_control_init
 .text.motor_control_task
                0x0800087c       0xf8 ./Control/Src/motor_control.o
                0x0800087c                motor_control_task
 .text.motor_control_hall_interrupt_callback
                0x08000974       0x4a ./Control/Src/motor_control.o
                0x08000974                motor_control_hall_interrupt_callback
 .text.motor_control_brake_interrupt_callback
                0x080009be       0x24 ./Control/Src/motor_control.o
                0x080009be                motor_control_brake_interrupt_callback
 .text.motor_control_direction_interrupt_callback
                0x080009e2        0xc ./Control/Src/motor_control.o
                0x080009e2                motor_control_direction_interrupt_callback
 *fill*         0x080009ee        0x2 
 .text.state_machine_init
                0x080009f0       0x20 ./Control/Src/state_machine.o
                0x080009f0                state_machine_init
 .text.state_machine_process_event
                0x08000a10      0x1b0 ./Control/Src/state_machine.o
                0x08000a10                state_machine_process_event
 .text.state_machine_get_state
                0x08000bc0       0x18 ./Control/Src/state_machine.o
                0x08000bc0                state_machine_get_state
 .text.state_transition
                0x08000bd8       0x84 ./Control/Src/state_machine.o
 .text.state_entry_init
                0x08000c5c        0xc ./Control/Src/state_machine.o
 .text.state_entry_idle
                0x08000c68        0xc ./Control/Src/state_machine.o
 .text.state_entry_align
                0x08000c74        0xe ./Control/Src/state_machine.o
 .text.state_entry_start
                0x08000c82        0xe ./Control/Src/state_machine.o
 .text.state_entry_run
                0x08000c90        0xe ./Control/Src/state_machine.o
 .text.state_entry_stop
                0x08000c9e        0xc ./Control/Src/state_machine.o
 .text.state_entry_brake
                0x08000caa        0xc ./Control/Src/state_machine.o
 .text.state_entry_fault
                0x08000cb6        0xc ./Control/Src/state_machine.o
 *fill*         0x08000cc2        0x2 
 .text.MX_ADC2_Init
                0x08000cc4      0x10c ./Core/Src/adc.o
                0x08000cc4                MX_ADC2_Init
 .text.MX_ADC3_Init
                0x08000dd0       0xe0 ./Core/Src/adc.o
                0x08000dd0                MX_ADC3_Init
 .text.HAL_ADC_MspInit
                0x08000eb0      0x154 ./Core/Src/adc.o
                0x08000eb0                HAL_ADC_MspInit
 .text.MX_DMA_Init
                0x08001004       0x4c ./Core/Src/dma.o
                0x08001004                MX_DMA_Init
 .text.MX_GPIO_Init
                0x08001050       0xa8 ./Core/Src/gpio.o
                0x08001050                MX_GPIO_Init
 .text.main     0x080010f8       0x5c ./Core/Src/main.o
                0x080010f8                main
 .text.SystemClock_Config
                0x08001154       0xc2 ./Core/Src/main.o
                0x08001154                SystemClock_Config
 .text.HAL_TIM_IC_CaptureCallback
                0x08001216       0x14 ./Core/Src/main.o
                0x08001216                HAL_TIM_IC_CaptureCallback
 .text.HAL_GPIO_EXTI_Callback
                0x0800122a       0x28 ./Core/Src/main.o
                0x0800122a                HAL_GPIO_EXTI_Callback
 .text.Error_Handler
                0x08001252        0xc ./Core/Src/main.o
                0x08001252                Error_Handler
 *fill*         0x0800125e        0x2 
 .text.MX_OPAMP3_Init
                0x08001260       0x4c ./Core/Src/opamp.o
                0x08001260                MX_OPAMP3_Init
 .text.HAL_OPAMP_MspInit
                0x080012ac       0x68 ./Core/Src/opamp.o
                0x080012ac                HAL_OPAMP_MspInit
 .text.HAL_MspInit
                0x08001314       0x48 ./Core/Src/stm32f3xx_hal_msp.o
                0x08001314                HAL_MspInit
 .text.NMI_Handler
                0x0800135c        0x8 ./Core/Src/stm32f3xx_it.o
                0x0800135c                NMI_Handler
 .text.HardFault_Handler
                0x08001364        0x8 ./Core/Src/stm32f3xx_it.o
                0x08001364                HardFault_Handler
 .text.MemManage_Handler
                0x0800136c        0x8 ./Core/Src/stm32f3xx_it.o
                0x0800136c                MemManage_Handler
 .text.BusFault_Handler
                0x08001374        0x8 ./Core/Src/stm32f3xx_it.o
                0x08001374                BusFault_Handler
 .text.UsageFault_Handler
                0x0800137c        0x8 ./Core/Src/stm32f3xx_it.o
                0x0800137c                UsageFault_Handler
 .text.SVC_Handler
                0x08001384        0xe ./Core/Src/stm32f3xx_it.o
                0x08001384                SVC_Handler
 .text.DebugMon_Handler
                0x08001392        0xe ./Core/Src/stm32f3xx_it.o
                0x08001392                DebugMon_Handler
 .text.PendSV_Handler
                0x080013a0        0xe ./Core/Src/stm32f3xx_it.o
                0x080013a0                PendSV_Handler
 .text.SysTick_Handler
                0x080013ae        0xc ./Core/Src/stm32f3xx_it.o
                0x080013ae                SysTick_Handler
 .text.EXTI3_IRQHandler
                0x080013ba        0xe ./Core/Src/stm32f3xx_it.o
                0x080013ba                EXTI3_IRQHandler
 .text.EXTI9_5_IRQHandler
                0x080013c8        0xe ./Core/Src/stm32f3xx_it.o
                0x080013c8                EXTI9_5_IRQHandler
 *fill*         0x080013d6        0x2 
 .text.TIM2_IRQHandler
                0x080013d8       0x14 ./Core/Src/stm32f3xx_it.o
                0x080013d8                TIM2_IRQHandler
 .text.DMA2_Channel1_IRQHandler
                0x080013ec       0x14 ./Core/Src/stm32f3xx_it.o
                0x080013ec                DMA2_Channel1_IRQHandler
 .text.DMA2_Channel5_IRQHandler
                0x08001400       0x14 ./Core/Src/stm32f3xx_it.o
                0x08001400                DMA2_Channel5_IRQHandler
 .text.SystemInit
                0x08001414       0x24 ./Core/Src/system_stm32f3xx.o
                0x08001414                SystemInit
 .text.MX_TIM1_Init
                0x08001438      0x150 ./Core/Src/tim.o
                0x08001438                MX_TIM1_Init
 .text.MX_TIM2_Init
                0x08001588       0x94 ./Core/Src/tim.o
                0x08001588                MX_TIM2_Init
 .text.HAL_TIM_PWM_MspInit
                0x0800161c       0x40 ./Core/Src/tim.o
                0x0800161c                HAL_TIM_PWM_MspInit
 .text.HAL_TIMEx_HallSensor_MspInit
                0x0800165c       0x90 ./Core/Src/tim.o
                0x0800165c                HAL_TIMEx_HallSensor_MspInit
 .text.HAL_TIM_MspPostInit
                0x080016ec       0xd0 ./Core/Src/tim.o
                0x080016ec                HAL_TIM_MspPostInit
 .text.Reset_Handler
                0x080017bc       0x50 ./Core/Startup/startup_stm32f303cctx.o
                0x080017bc                Reset_Handler
 .text.Default_Handler
                0x0800180c        0x2 ./Core/Startup/startup_stm32f303cctx.o
                0x0800180c                RTC_Alarm_IRQHandler
                0x0800180c                TIM8_TRG_COM_IRQHandler
                0x0800180c                TIM8_CC_IRQHandler
                0x0800180c                TIM1_CC_IRQHandler
                0x0800180c                USB_HP_IRQHandler
                0x0800180c                PVD_IRQHandler
                0x0800180c                TAMP_STAMP_IRQHandler
                0x0800180c                USB_HP_CAN_TX_IRQHandler
                0x0800180c                EXTI0_IRQHandler
                0x0800180c                I2C2_EV_IRQHandler
                0x0800180c                FPU_IRQHandler
                0x0800180c                TIM1_UP_TIM16_IRQHandler
                0x0800180c                ADC1_2_IRQHandler
                0x0800180c                SPI1_IRQHandler
                0x0800180c                CAN_SCE_IRQHandler
                0x0800180c                TIM6_DAC_IRQHandler
                0x0800180c                TIM8_UP_IRQHandler
                0x0800180c                DMA2_Channel2_IRQHandler
                0x0800180c                DMA1_Channel4_IRQHandler
                0x0800180c                USART3_IRQHandler
                0x0800180c                DMA1_Channel7_IRQHandler
                0x0800180c                UART5_IRQHandler
                0x0800180c                ADC3_IRQHandler
                0x0800180c                TIM4_IRQHandler
                0x0800180c                CAN_RX1_IRQHandler
                0x0800180c                I2C1_EV_IRQHandler
                0x0800180c                DMA1_Channel6_IRQHandler
                0x0800180c                UART4_IRQHandler
                0x0800180c                DMA2_Channel4_IRQHandler
                0x0800180c                TIM3_IRQHandler
                0x0800180c                RCC_IRQHandler
                0x0800180c                DMA1_Channel1_IRQHandler
                0x0800180c                Default_Handler
                0x0800180c                USBWakeUp_RMP_IRQHandler
                0x0800180c                EXTI15_10_IRQHandler
                0x0800180c                TIM7_IRQHandler
                0x0800180c                RTC_WKUP_IRQHandler
                0x0800180c                SPI2_IRQHandler
                0x0800180c                USB_LP_CAN_RX0_IRQHandler
                0x0800180c                DMA1_Channel5_IRQHandler
                0x0800180c                USB_LP_IRQHandler
                0x0800180c                EXTI4_IRQHandler
                0x0800180c                TIM1_TRG_COM_TIM17_IRQHandler
                0x0800180c                DMA1_Channel3_IRQHandler
                0x0800180c                ADC4_IRQHandler
                0x0800180c                WWDG_IRQHandler
                0x0800180c                COMP7_IRQHandler
                0x0800180c                COMP1_2_3_IRQHandler
                0x0800180c                EXTI1_IRQHandler
                0x0800180c                USART2_IRQHandler
                0x0800180c                COMP4_5_6_IRQHandler
                0x0800180c                I2C2_ER_IRQHandler
                0x0800180c                DMA1_Channel2_IRQHandler
                0x0800180c                TIM8_BRK_IRQHandler
                0x0800180c                FLASH_IRQHandler
                0x0800180c                USART1_IRQHandler
                0x0800180c                SPI3_IRQHandler
                0x0800180c                I2C1_ER_IRQHandler
                0x0800180c                USBWakeUp_IRQHandler
                0x0800180c                DMA2_Channel3_IRQHandler
                0x0800180c                EXTI2_TSC_IRQHandler
                0x0800180c                TIM1_BRK_TIM15_IRQHandler
 *fill*         0x0800180e        0x2 
 .text.HAL_Init
                0x08001810       0x2c ./Drivers/STM32F3xx_HAL_Driver/Src/stm32f3xx_hal.o
                0x08001810                HAL_Init
 .text.HAL_InitTick
                0x0800183c       0x60 ./Drivers/STM32F3xx_HAL_Driver/Src/stm32f3xx_hal.o
                0x0800183c                HAL_InitTick
 .text.HAL_IncTick
                0x0800189c       0x28 ./Drivers/STM32F3xx_HAL_Driver/Src/stm32f3xx_hal.o
                0x0800189c                HAL_IncTick
 .text.HAL_GetTick
                0x080018c4       0x18 ./Drivers/STM32F3xx_HAL_Driver/Src/stm32f3xx_hal.o
                0x080018c4                HAL_GetTick
 .text.HAL_Delay
                0x080018dc       0x48 ./Drivers/STM32F3xx_HAL_Driver/Src/stm32f3xx_hal.o
                0x080018dc                HAL_Delay
 .text.HAL_ADC_ConvCpltCallback
                0x08001924       0x14 ./Drivers/STM32F3xx_HAL_Driver/Src/stm32f3xx_hal_adc.o
                0x08001924                HAL_ADC_ConvCpltCallback
 .text.HAL_ADC_ConvHalfCpltCallback
                0x08001938       0x14 ./Drivers/STM32F3xx_HAL_Driver/Src/stm32f3xx_hal_adc.o
                0x08001938                HAL_ADC_ConvHalfCpltCallback
 .text.HAL_ADC_ErrorCallback
                0x0800194c       0x14 ./Drivers/STM32F3xx_HAL_Driver/Src/stm32f3xx_hal_adc.o
                0x0800194c                HAL_ADC_ErrorCallback
 .text.HAL_ADC_Init
                0x08001960      0x3c0 ./Drivers/STM32F3xx_HAL_Driver/Src/stm32f3xx_hal_adc_ex.o
                0x08001960                HAL_ADC_Init
 .text.HAL_ADC_Start_DMA
                0x08001d20      0x238 ./Drivers/STM32F3xx_HAL_Driver/Src/stm32f3xx_hal_adc_ex.o
                0x08001d20                HAL_ADC_Start_DMA
 .text.HAL_ADC_ConfigChannel
                0x08001f58      0x5d4 ./Drivers/STM32F3xx_HAL_Driver/Src/stm32f3xx_hal_adc_ex.o
                0x08001f58                HAL_ADC_ConfigChannel
 .text.HAL_ADCEx_MultiModeConfigChannel
                0x0800252c      0x1e4 ./Drivers/STM32F3xx_HAL_Driver/Src/stm32f3xx_hal_adc_ex.o
                0x0800252c                HAL_ADCEx_MultiModeConfigChannel
 .text.ADC_DMAConvCplt
                0x08002710       0x7a ./Drivers/STM32F3xx_HAL_Driver/Src/stm32f3xx_hal_adc_ex.o
 .text.ADC_DMAHalfConvCplt
                0x0800278a       0x1c ./Drivers/STM32F3xx_HAL_Driver/Src/stm32f3xx_hal_adc_ex.o
 .text.ADC_DMAError
                0x080027a6       0x34 ./Drivers/STM32F3xx_HAL_Driver/Src/stm32f3xx_hal_adc_ex.o
 *fill*         0x080027da        0x2 
 .text.ADC_Enable
                0x080027dc       0xc8 ./Drivers/STM32F3xx_HAL_Driver/Src/stm32f3xx_hal_adc_ex.o
 .text.ADC_Disable
                0x080028a4       0xcc ./Drivers/STM32F3xx_HAL_Driver/Src/stm32f3xx_hal_adc_ex.o
 .text.__NVIC_SetPriorityGrouping
                0x08002970       0x48 ./Drivers/STM32F3xx_HAL_Driver/Src/stm32f3xx_hal_cortex.o
 .text.__NVIC_GetPriorityGrouping
                0x080029b8       0x1c ./Drivers/STM32F3xx_HAL_Driver/Src/stm32f3xx_hal_cortex.o
 .text.__NVIC_EnableIRQ
                0x080029d4       0x3c ./Drivers/STM32F3xx_HAL_Driver/Src/stm32f3xx_hal_cortex.o
 .text.__NVIC_SetPriority
                0x08002a10       0x54 ./Drivers/STM32F3xx_HAL_Driver/Src/stm32f3xx_hal_cortex.o
 .text.NVIC_EncodePriority
                0x08002a64       0x66 ./Drivers/STM32F3xx_HAL_Driver/Src/stm32f3xx_hal_cortex.o
 *fill*         0x08002aca        0x2 
 .text.SysTick_Config
                0x08002acc       0x44 ./Drivers/STM32F3xx_HAL_Driver/Src/stm32f3xx_hal_cortex.o
 .text.HAL_NVIC_SetPriorityGrouping
                0x08002b10       0x16 ./Drivers/STM32F3xx_HAL_Driver/Src/stm32f3xx_hal_cortex.o
                0x08002b10                HAL_NVIC_SetPriorityGrouping
 .text.HAL_NVIC_SetPriority
                0x08002b26       0x38 ./Drivers/STM32F3xx_HAL_Driver/Src/stm32f3xx_hal_cortex.o
                0x08002b26                HAL_NVIC_SetPriority
 .text.HAL_NVIC_EnableIRQ
                0x08002b5e       0x1c ./Drivers/STM32F3xx_HAL_Driver/Src/stm32f3xx_hal_cortex.o
                0x08002b5e                HAL_NVIC_EnableIRQ
 .text.HAL_SYSTICK_Config
                0x08002b7a       0x18 ./Drivers/STM32F3xx_HAL_Driver/Src/stm32f3xx_hal_cortex.o
                0x08002b7a                HAL_SYSTICK_Config
 .text.HAL_DMA_Init
                0x08002b92       0x8e ./Drivers/STM32F3xx_HAL_Driver/Src/stm32f3xx_hal_dma.o
                0x08002b92                HAL_DMA_Init
 .text.HAL_DMA_Start_IT
                0x08002c20       0xbe ./Drivers/STM32F3xx_HAL_Driver/Src/stm32f3xx_hal_dma.o
                0x08002c20                HAL_DMA_Start_IT
 .text.HAL_DMA_IRQHandler
                0x08002cde      0x146 ./Drivers/STM32F3xx_HAL_Driver/Src/stm32f3xx_hal_dma.o
                0x08002cde                HAL_DMA_IRQHandler
 .text.DMA_SetConfig
                0x08002e24       0x5c ./Drivers/STM32F3xx_HAL_Driver/Src/stm32f3xx_hal_dma.o
 .text.DMA_CalcBaseAndBitshift
                0x08002e80       0x78 ./Drivers/STM32F3xx_HAL_Driver/Src/stm32f3xx_hal_dma.o
 .text.HAL_GPIO_Init
                0x08002ef8      0x2f4 ./Drivers/STM32F3xx_HAL_Driver/Src/stm32f3xx_hal_gpio.o
                0x08002ef8                HAL_GPIO_Init
 .text.HAL_GPIO_ReadPin
                0x080031ec       0x30 ./Drivers/STM32F3xx_HAL_Driver/Src/stm32f3xx_hal_gpio.o
                0x080031ec                HAL_GPIO_ReadPin
 .text.HAL_GPIO_EXTI_IRQHandler
                0x0800321c       0x30 ./Drivers/STM32F3xx_HAL_Driver/Src/stm32f3xx_hal_gpio.o
                0x0800321c                HAL_GPIO_EXTI_IRQHandler
 .text.HAL_OPAMP_Init
                0x0800324c      0x148 ./Drivers/STM32F3xx_HAL_Driver/Src/stm32f3xx_hal_opamp.o
                0x0800324c                HAL_OPAMP_Init
 .text.HAL_OPAMP_Start
                0x08003394       0x62 ./Drivers/STM32F3xx_HAL_Driver/Src/stm32f3xx_hal_opamp.o
                0x08003394                HAL_OPAMP_Start
 *fill*         0x080033f6        0x2 
 .text.HAL_RCC_OscConfig
                0x080033f8     0x101c ./Drivers/STM32F3xx_HAL_Driver/Src/stm32f3xx_hal_rcc.o
                0x080033f8                HAL_RCC_OscConfig
 .text.HAL_RCC_ClockConfig
                0x08004414      0x2dc ./Drivers/STM32F3xx_HAL_Driver/Src/stm32f3xx_hal_rcc.o
                0x08004414                HAL_RCC_ClockConfig
 .text.HAL_RCC_GetSysClockFreq
                0x080046f0       0xa8 ./Drivers/STM32F3xx_HAL_Driver/Src/stm32f3xx_hal_rcc.o
                0x080046f0                HAL_RCC_GetSysClockFreq
 .text.HAL_RCCEx_PeriphCLKConfig
                0x08004798      0x35c ./Drivers/STM32F3xx_HAL_Driver/Src/stm32f3xx_hal_rcc_ex.o
                0x08004798                HAL_RCCEx_PeriphCLKConfig
 .text.HAL_TIM_PWM_Init
                0x08004af4       0xae ./Drivers/STM32F3xx_HAL_Driver/Src/stm32f3xx_hal_tim.o
                0x08004af4                HAL_TIM_PWM_Init
 *fill*         0x08004ba2        0x2 
 .text.HAL_TIM_PWM_Start
                0x08004ba4      0x200 ./Drivers/STM32F3xx_HAL_Driver/Src/stm32f3xx_hal_tim.o
                0x08004ba4                HAL_TIM_PWM_Start
 .text.HAL_TIM_PWM_Stop
                0x08004da4      0x12c ./Drivers/STM32F3xx_HAL_Driver/Src/stm32f3xx_hal_tim.o
                0x08004da4                HAL_TIM_PWM_Stop
 .text.HAL_TIM_IRQHandler
                0x08004ed0      0x204 ./Drivers/STM32F3xx_HAL_Driver/Src/stm32f3xx_hal_tim.o
                0x08004ed0                HAL_TIM_IRQHandler
 .text.HAL_TIM_PWM_ConfigChannel
                0x080050d4      0x228 ./Drivers/STM32F3xx_HAL_Driver/Src/stm32f3xx_hal_tim.o
                0x080050d4                HAL_TIM_PWM_ConfigChannel
 .text.HAL_TIM_ReadCapturedValue
                0x080052fc       0x88 ./Drivers/STM32F3xx_HAL_Driver/Src/stm32f3xx_hal_tim.o
                0x080052fc                HAL_TIM_ReadCapturedValue
 .text.HAL_TIM_PeriodElapsedCallback
                0x08005384       0x14 ./Drivers/STM32F3xx_HAL_Driver/Src/stm32f3xx_hal_tim.o
                0x08005384                HAL_TIM_PeriodElapsedCallback
 .text.HAL_TIM_OC_DelayElapsedCallback
                0x08005398       0x14 ./Drivers/STM32F3xx_HAL_Driver/Src/stm32f3xx_hal_tim.o
                0x08005398                HAL_TIM_OC_DelayElapsedCallback
 .text.HAL_TIM_PWM_PulseFinishedCallback
                0x080053ac       0x14 ./Drivers/STM32F3xx_HAL_Driver/Src/stm32f3xx_hal_tim.o
                0x080053ac                HAL_TIM_PWM_PulseFinishedCallback
 .text.HAL_TIM_TriggerCallback
                0x080053c0       0x14 ./Drivers/STM32F3xx_HAL_Driver/Src/stm32f3xx_hal_tim.o
                0x080053c0                HAL_TIM_TriggerCallback
 .text.TIM_Base_SetConfig
                0x080053d4      0x138 ./Drivers/STM32F3xx_HAL_Driver/Src/stm32f3xx_hal_tim.o
                0x080053d4                TIM_Base_SetConfig
 .text.TIM_OC1_SetConfig
                0x0800550c      0x120 ./Drivers/STM32F3xx_HAL_Driver/Src/stm32f3xx_hal_tim.o
 .text.TIM_OC2_SetConfig
                0x0800562c      0x114 ./Drivers/STM32F3xx_HAL_Driver/Src/stm32f3xx_hal_tim.o
                0x0800562c                TIM_OC2_SetConfig
 .text.TIM_OC3_SetConfig
                0x08005740      0x110 ./Drivers/STM32F3xx_HAL_Driver/Src/stm32f3xx_hal_tim.o
 .text.TIM_OC4_SetConfig
                0x08005850       0xd4 ./Drivers/STM32F3xx_HAL_Driver/Src/stm32f3xx_hal_tim.o
 .text.TIM_OC5_SetConfig
                0x08005924       0xc8 ./Drivers/STM32F3xx_HAL_Driver/Src/stm32f3xx_hal_tim.o
 .text.TIM_OC6_SetConfig
                0x080059ec       0xcc ./Drivers/STM32F3xx_HAL_Driver/Src/stm32f3xx_hal_tim.o
 .text.TIM_TI1_SetConfig
                0x08005ab8       0xd0 ./Drivers/STM32F3xx_HAL_Driver/Src/stm32f3xx_hal_tim.o
                0x08005ab8                TIM_TI1_SetConfig
 .text.TIM_CCxChannelCmd
                0x08005b88       0x4a ./Drivers/STM32F3xx_HAL_Driver/Src/stm32f3xx_hal_tim.o
                0x08005b88                TIM_CCxChannelCmd
 .text.HAL_TIMEx_HallSensor_Init
                0x08005bd2      0x156 ./Drivers/STM32F3xx_HAL_Driver/Src/stm32f3xx_hal_tim_ex.o
                0x08005bd2                HAL_TIMEx_HallSensor_Init
 .text.HAL_TIMEx_HallSensor_Start_IT
                0x08005d28      0x120 ./Drivers/STM32F3xx_HAL_Driver/Src/stm32f3xx_hal_tim_ex.o
                0x08005d28                HAL_TIMEx_HallSensor_Start_IT
 .text.HAL_TIMEx_PWMN_Start
                0x08005e48      0x168 ./Drivers/STM32F3xx_HAL_Driver/Src/stm32f3xx_hal_tim_ex.o
                0x08005e48                HAL_TIMEx_PWMN_Start
 .text.HAL_TIMEx_PWMN_Stop
                0x08005fb0       0xba ./Drivers/STM32F3xx_HAL_Driver/Src/stm32f3xx_hal_tim_ex.o
                0x08005fb0                HAL_TIMEx_PWMN_Stop
 *fill*         0x0800606a        0x2 
 .text.HAL_TIMEx_MasterConfigSynchronization
                0x0800606c      0x100 ./Drivers/STM32F3xx_HAL_Driver/Src/stm32f3xx_hal_tim_ex.o
                0x0800606c                HAL_TIMEx_MasterConfigSynchronization
 .text.HAL_TIMEx_ConfigBreakDeadTime
                0x0800616c       0xfc ./Drivers/STM32F3xx_HAL_Driver/Src/stm32f3xx_hal_tim_ex.o
                0x0800616c                HAL_TIMEx_ConfigBreakDeadTime
 .text.HAL_TIMEx_CommutCallback
                0x08006268       0x14 ./Drivers/STM32F3xx_HAL_Driver/Src/stm32f3xx_hal_tim_ex.o
                0x08006268                HAL_TIMEx_CommutCallback
 .text.HAL_TIMEx_BreakCallback
                0x0800627c       0x14 ./Drivers/STM32F3xx_HAL_Driver/Src/stm32f3xx_hal_tim_ex.o
                0x0800627c                HAL_TIMEx_BreakCallback
 .text.HAL_TIMEx_Break2Callback
                0x08006290       0x14 ./Drivers/STM32F3xx_HAL_Driver/Src/stm32f3xx_hal_tim_ex.o
                0x08006290                HAL_TIMEx_Break2Callback
 .text.TIM_CCxNChannelCmd
                0x080062a4       0x4a ./Drivers/STM32F3xx_HAL_Driver/Src/stm32f3xx_hal_tim_ex.o
 .text.hal_adc2_init
                0x080062ee        0xc ./HAL/Src/hal_adc.o
                0x080062ee                hal_adc2_init
 .text.hal_adc3_init
                0x080062fa       0x10 ./HAL/Src/hal_adc.o
                0x080062fa                hal_adc3_init
 *fill*         0x0800630a        0x2 
 .text.hal_adc2_start
                0x0800630c       0x24 ./HAL/Src/hal_adc.o
                0x0800630c                hal_adc2_start
 .text.hal_adc3_start
                0x08006330       0x1c ./HAL/Src/hal_adc.o
                0x08006330                hal_adc3_start
 .text.hal_adc2_get_raw_value
                0x0800634c       0x2c ./HAL/Src/hal_adc.o
                0x0800634c                hal_adc2_get_raw_value
 .text.hal_adc3_get_raw_value
                0x08006378       0x18 ./HAL/Src/hal_adc.o
                0x08006378                hal_adc3_get_raw_value
 .text.hal_gpio_read_hall_sensors
                0x08006390       0x66 ./HAL/Src/hal_gpio.o
                0x08006390                hal_gpio_read_hall_sensors
 *fill*         0x080063f6        0x2 
 .text.hal_gpio_read_brake
                0x080063f8       0x20 ./HAL/Src/hal_gpio.o
                0x080063f8                hal_gpio_read_brake
 .text.hal_gpio_read_direction
                0x08006418       0x20 ./HAL/Src/hal_gpio.o
                0x08006418                hal_gpio_read_direction
 .text.hal_timer1_pwm_start
                0x08006438       0x68 ./HAL/Src/hal_timer.o
                0x08006438                hal_timer1_pwm_start
 .text.hal_timer1_pwm_stop
                0x080064a0       0x68 ./HAL/Src/hal_timer.o
                0x080064a0                hal_timer1_pwm_stop
 .text.hal_timer1_set_duty
                0x08006508       0x68 ./HAL/Src/hal_timer.o
                0x08006508                hal_timer1_set_duty
 .text.hal_timer1_get_arr
                0x08006570       0x1c ./HAL/Src/hal_timer.o
                0x08006570                hal_timer1_get_arr
 .text.hal_timer2_input_capture_start
                0x0800658c       0x14 ./HAL/Src/hal_timer.o
                0x0800658c                hal_timer2_input_capture_start
 .text.hal_timer2_get_capture_value
                0x080065a0       0x18 ./HAL/Src/hal_timer.o
                0x080065a0                hal_timer2_get_capture_value
 .text.median3  0x080065b8       0x5c ./Utils/Src/filter.o
 .text.adc_filter_init
                0x08006614       0x1a ./Utils/Src/filter.o
                0x08006614                adc_filter_init
 .text.adc_filter_process
                0x0800662e       0xf0 ./Utils/Src/filter.o
                0x0800662e                adc_filter_process
 *fill*         0x0800671e        0x2 
 .text.app_init
                0x08006720       0x14 ./Utils/Src/filter.o
                0x08006720                app_init
 .text.adc_callback
                0x08006734       0x28 ./Utils/Src/filter.o
                0x08006734                adc_callback
 .text.memset   0x0800675c       0x10 C:/ST/STM32CubeIDE_1.19.0/STM32CubeIDE/plugins/com.st.stm32cube.ide.mcu.externaltools.gnu-tools-for-stm32.13.3.rel1.win32_1.0.0.202411081344/tools/bin/../lib/gcc/arm-none-eabi/13.3.1/../../../../arm-none-eabi/lib/thumb/v7e-m+fp/hard\libc_nano.a(libc_a-memset.o)
                0x0800675c                memset
 .text.__errno  0x0800676c        0xc C:/ST/STM32CubeIDE_1.19.0/STM32CubeIDE/plugins/com.st.stm32cube.ide.mcu.externaltools.gnu-tools-for-stm32.13.3.rel1.win32_1.0.0.202411081344/tools/bin/../lib/gcc/arm-none-eabi/13.3.1/../../../../arm-none-eabi/lib/thumb/v7e-m+fp/hard\libc_nano.a(libc_a-errno.o)
                0x0800676c                __errno
 .text.__libc_init_array
                0x08006778       0x48 C:/ST/STM32CubeIDE_1.19.0/STM32CubeIDE/plugins/com.st.stm32cube.ide.mcu.externaltools.gnu-tools-for-stm32.13.3.rel1.win32_1.0.0.202411081344/tools/bin/../lib/gcc/arm-none-eabi/13.3.1/../../../../arm-none-eabi/lib/thumb/v7e-m+fp/hard\libc_nano.a(libc_a-init.o)
                0x08006778                __libc_init_array
 .text.logf     0x080067c0       0x5c C:/ST/STM32CubeIDE_1.19.0/STM32CubeIDE/plugins/com.st.stm32cube.ide.mcu.externaltools.gnu-tools-for-stm32.13.3.rel1.win32_1.0.0.202411081344/tools/bin/../lib/gcc/arm-none-eabi/13.3.1/../../../../arm-none-eabi/lib/thumb/v7e-m+fp/hard\libm.a(libm_a-wf_log.o)
                0x080067c0                logf
 .text.nanf     0x0800681c        0xc C:/ST/STM32CubeIDE_1.19.0/STM32CubeIDE/plugins/com.st.stm32cube.ide.mcu.externaltools.gnu-tools-for-stm32.13.3.rel1.win32_1.0.0.202411081344/tools/bin/../lib/gcc/arm-none-eabi/13.3.1/../../../../arm-none-eabi/lib/thumb/v7e-m+fp/hard\libm.a(libm_a-sf_nan.o)
                0x0800681c                nanf
 .text.__ieee754_logf
                0x08006828      0x1e4 C:/ST/STM32CubeIDE_1.19.0/STM32CubeIDE/plugins/com.st.stm32cube.ide.mcu.externaltools.gnu-tools-for-stm32.13.3.rel1.win32_1.0.0.202411081344/tools/bin/../lib/gcc/arm-none-eabi/13.3.1/../../../../arm-none-eabi/lib/thumb/v7e-m+fp/hard\libm.a(libm_a-ef_log.o)
                0x08006828                __ieee754_logf
 *(.glue_7)
 .glue_7        0x08006a0c        0x0 linker stubs
 *(.glue_7t)
 .glue_7t       0x08006a0c        0x0 linker stubs
 *(.eh_frame)
 .eh_frame      0x08006a0c        0x0 C:/ST/STM32CubeIDE_1.19.0/STM32CubeIDE/plugins/com.st.stm32cube.ide.mcu.externaltools.gnu-tools-for-stm32.13.3.rel1.win32_1.0.0.202411081344/tools/bin/../lib/gcc/arm-none-eabi/13.3.1/thumb/v7e-m+fp/hard/crtbegin.o
 *(.init)
 .init          0x08006a0c        0x4 C:/ST/STM32CubeIDE_1.19.0/STM32CubeIDE/plugins/com.st.stm32cube.ide.mcu.externaltools.gnu-tools-for-stm32.13.3.rel1.win32_1.0.0.202411081344/tools/bin/../lib/gcc/arm-none-eabi/13.3.1/thumb/v7e-m+fp/hard/crti.o
                0x08006a0c                _init
 .init          0x08006a10        0x8 C:/ST/STM32CubeIDE_1.19.0/STM32CubeIDE/plugins/com.st.stm32cube.ide.mcu.externaltools.gnu-tools-for-stm32.13.3.rel1.win32_1.0.0.202411081344/tools/bin/../lib/gcc/arm-none-eabi/13.3.1/thumb/v7e-m+fp/hard/crtn.o
 *(.fini)
 .fini          0x08006a18        0x4 C:/ST/STM32CubeIDE_1.19.0/STM32CubeIDE/plugins/com.st.stm32cube.ide.mcu.externaltools.gnu-tools-for-stm32.13.3.rel1.win32_1.0.0.202411081344/tools/bin/../lib/gcc/arm-none-eabi/13.3.1/thumb/v7e-m+fp/hard/crti.o
                0x08006a18                _fini
 .fini          0x08006a1c        0x8 C:/ST/STM32CubeIDE_1.19.0/STM32CubeIDE/plugins/com.st.stm32cube.ide.mcu.externaltools.gnu-tools-for-stm32.13.3.rel1.win32_1.0.0.202411081344/tools/bin/../lib/gcc/arm-none-eabi/13.3.1/thumb/v7e-m+fp/hard/crtn.o
                0x08006a24                        . = ALIGN (0x4)
                0x08006a24                        _etext = .

.vfp11_veneer   0x08006a24        0x0
 .vfp11_veneer  0x08006a24        0x0 linker stubs

.v4_bx          0x08006a24        0x0
 .v4_bx         0x08006a24        0x0 linker stubs

.iplt           0x08006a24        0x0
 .iplt          0x08006a24        0x0 C:/ST/STM32CubeIDE_1.19.0/STM32CubeIDE/plugins/com.st.stm32cube.ide.mcu.externaltools.gnu-tools-for-stm32.13.3.rel1.win32_1.0.0.202411081344/tools/bin/../lib/gcc/arm-none-eabi/13.3.1/thumb/v7e-m+fp/hard/crtbegin.o

.rodata         0x08006a24       0x6c
                0x08006a24                        . = ALIGN (0x4)
 *(.rodata)
 *(.rodata*)
 .rodata.hall_lookup_table
                0x08006a24        0x8 ./BSP/Src/hall_sensor_driver.o
 .rodata.forward_table
                0x08006a2c       0x18 ./Control/Src/commutation.o
 .rodata.reverse_table
                0x08006a44       0x18 ./Control/Src/commutation.o
 .rodata.AHBPrescTable
                0x08006a5c       0x10 ./Core/Src/system_stm32f3xx.o
                0x08006a5c                AHBPrescTable
 .rodata.aPLLMULFactorTable
                0x08006a6c       0x10 ./Drivers/STM32F3xx_HAL_Driver/Src/stm32f3xx_hal_rcc.o
 .rodata.aPredivFactorTable
                0x08006a7c       0x10 ./Drivers/STM32F3xx_HAL_Driver/Src/stm32f3xx_hal_rcc.o
 .rodata.logf.str1.1
                0x08006a8c        0x1 C:/ST/STM32CubeIDE_1.19.0/STM32CubeIDE/plugins/com.st.stm32cube.ide.mcu.externaltools.gnu-tools-for-stm32.13.3.rel1.win32_1.0.0.202411081344/tools/bin/../lib/gcc/arm-none-eabi/13.3.1/../../../../arm-none-eabi/lib/thumb/v7e-m+fp/hard\libm.a(libm_a-wf_log.o)
                0x08006a90                        . = ALIGN (0x4)
 *fill*         0x08006a8d        0x3 

.ARM.extab      0x08006a90        0x0
                0x08006a90                        . = ALIGN (0x4)
 *(.ARM.extab* .gnu.linkonce.armextab.*)
                0x08006a90                        . = ALIGN (0x4)

.ARM            0x08006a90        0x0
                0x08006a90                        . = ALIGN (0x4)
                0x08006a90                        __exidx_start = .
 *(.ARM.exidx*)
                0x08006a90                        __exidx_end = .
                0x08006a90                        . = ALIGN (0x4)

.preinit_array  0x08006a90        0x0
                0x08006a90                        . = ALIGN (0x4)
                0x08006a90                        PROVIDE (__preinit_array_start = .)
 *(.preinit_array*)
                0x08006a90                        PROVIDE (__preinit_array_end = .)
                0x08006a90                        . = ALIGN (0x4)

.init_array     0x08006a90        0x4
                0x08006a90                        . = ALIGN (0x4)
                0x08006a90                        PROVIDE (__init_array_start = .)
 *(SORT_BY_NAME(.init_array.*))
 *(.init_array*)
 .init_array    0x08006a90        0x4 C:/ST/STM32CubeIDE_1.19.0/STM32CubeIDE/plugins/com.st.stm32cube.ide.mcu.externaltools.gnu-tools-for-stm32.13.3.rel1.win32_1.0.0.202411081344/tools/bin/../lib/gcc/arm-none-eabi/13.3.1/thumb/v7e-m+fp/hard/crtbegin.o
                0x08006a94                        PROVIDE (__init_array_end = .)
                0x08006a94                        . = ALIGN (0x4)

.fini_array     0x08006a94        0x4
                0x08006a94                        . = ALIGN (0x4)
                [!provide]                        PROVIDE (__fini_array_start = .)
 *(SORT_BY_NAME(.fini_array.*))
 *(.fini_array*)
 .fini_array    0x08006a94        0x4 C:/ST/STM32CubeIDE_1.19.0/STM32CubeIDE/plugins/com.st.stm32cube.ide.mcu.externaltools.gnu-tools-for-stm32.13.3.rel1.win32_1.0.0.202411081344/tools/bin/../lib/gcc/arm-none-eabi/13.3.1/thumb/v7e-m+fp/hard/crtbegin.o
                [!provide]                        PROVIDE (__fini_array_end = .)
                0x08006a98                        . = ALIGN (0x4)
                0x08006a98                        _sidata = LOADADDR (.data)

.rel.dyn        0x08006a98        0x0
 .rel.iplt      0x08006a98        0x0 C:/ST/STM32CubeIDE_1.19.0/STM32CubeIDE/plugins/com.st.stm32cube.ide.mcu.externaltools.gnu-tools-for-stm32.13.3.rel1.win32_1.0.0.202411081344/tools/bin/../lib/gcc/arm-none-eabi/13.3.1/thumb/v7e-m+fp/hard/crtbegin.o

.data           0x20000000       0x5c load address 0x08006a98
                0x20000000                        . = ALIGN (0x4)
                0x20000000                        _sdata = .
 *(.data)
 *(.data*)
 .data.SystemCoreClock
                0x20000000        0x4 ./Core/Src/system_stm32f3xx.o
                0x20000000                SystemCoreClock
 .data.uwTickPrio
                0x20000004        0x4 ./Drivers/STM32F3xx_HAL_Driver/Src/stm32f3xx_hal.o
                0x20000004                uwTickPrio
 .data.uwTickFreq
                0x20000008        0x1 ./Drivers/STM32F3xx_HAL_Driver/Src/stm32f3xx_hal.o
                0x20000008                uwTickFreq
 *fill*         0x20000009        0x3 
 .data._impure_ptr
                0x2000000c        0x4 C:/ST/STM32CubeIDE_1.19.0/STM32CubeIDE/plugins/com.st.stm32cube.ide.mcu.externaltools.gnu-tools-for-stm32.13.3.rel1.win32_1.0.0.202411081344/tools/bin/../lib/gcc/arm-none-eabi/13.3.1/../../../../arm-none-eabi/lib/thumb/v7e-m+fp/hard\libc_nano.a(libc_a-impure.o)
                0x2000000c                _impure_ptr
 .data._impure_data
                0x20000010       0x4c C:/ST/STM32CubeIDE_1.19.0/STM32CubeIDE/plugins/com.st.stm32cube.ide.mcu.externaltools.gnu-tools-for-stm32.13.3.rel1.win32_1.0.0.202411081344/tools/bin/../lib/gcc/arm-none-eabi/13.3.1/../../../../arm-none-eabi/lib/thumb/v7e-m+fp/hard\libc_nano.a(libc_a-impure.o)
                0x20000010                _impure_data
 *(.RamFunc)
 *(.RamFunc*)
                0x2000005c                        . = ALIGN (0x4)
                0x2000005c                        _edata = .
                0x08006af4                        _siccmram = LOADADDR (.ccmram)

.igot.plt       0x2000005c        0x0 load address 0x08006af4
 .igot.plt      0x2000005c        0x0 C:/ST/STM32CubeIDE_1.19.0/STM32CubeIDE/plugins/com.st.stm32cube.ide.mcu.externaltools.gnu-tools-for-stm32.13.3.rel1.win32_1.0.0.202411081344/tools/bin/../lib/gcc/arm-none-eabi/13.3.1/thumb/v7e-m+fp/hard/crtbegin.o

.ccmram         0x10000000        0x0 load address 0x08006af4
                0x10000000                        . = ALIGN (0x4)
                0x10000000                        _sccmram = .
 *(.ccmram)
 *(.ccmram*)
                0x10000000                        . = ALIGN (0x4)
                0x10000000                        _eccmram = .
                0x10000000                        . = ALIGN (0x4)

.bss            0x2000005c      0x3ac
                0x2000005c                        _sbss = .
                0x2000005c                        __bss_start__ = _sbss
 *(.bss)
 .bss           0x2000005c       0x1c C:/ST/STM32CubeIDE_1.19.0/STM32CubeIDE/plugins/com.st.stm32cube.ide.mcu.externaltools.gnu-tools-for-stm32.13.3.rel1.win32_1.0.0.202411081344/tools/bin/../lib/gcc/arm-none-eabi/13.3.1/thumb/v7e-m+fp/hard/crtbegin.o
 *(.bss*)
 .bss.brake_pressed
                0x20000078        0x1 ./BSP/Src/brake.o
 *fill*         0x20000079        0x3 
 .bss.phase_current
                0x2000007c        0x4 ./BSP/Src/current_sensor.o
 .bss.current_direction
                0x20000080        0x1 ./BSP/Src/direction.o
 .bss.current_sector
                0x20000081        0x1 ./BSP/Src/hall_sensor_driver.o
 .bss.raw_hall_state
                0x20000082        0x1 ./BSP/Src/hall_sensor_driver.o
 *fill*         0x20000083        0x1 
 .bss.capture_value
                0x20000084        0x4 ./BSP/Src/hall_sensor_driver.o
 .bss.speed_rpm
                0x20000088        0x4 ./BSP/Src/hall_sensor_driver.o
 .bss.duty_percent
                0x2000008c        0x3 ./BSP/Src/pwm_driver.o
 *fill*         0x2000008f        0x1 
 .bss.mosfet_temp
                0x20000090        0x4 ./BSP/Src/temperature_sensor.o
 .bss.motor_temp
                0x20000094        0x4 ./BSP/Src/temperature_sensor.o
 .bss.throttle_percent
                0x20000098        0x1 ./BSP/Src/throttle.o
 *fill*         0x20000099        0x3 
 .bss.vbus_voltage
                0x2000009c        0x4 ./BSP/Src/voltage_sensor.o
 .bss.task_counter
                0x200000a0        0x4 ./Control/Src/motor_control.o
 .bss.current_state
                0x200000a4        0x1 ./Control/Src/state_machine.o
 .bss.previous_state
                0x200000a5        0x1 ./Control/Src/state_machine.o
 *fill*         0x200000a6        0x2 
 .bss.hadc2     0x200000a8       0x50 ./Core/Src/adc.o
                0x200000a8                hadc2
 .bss.hadc3     0x200000f8       0x50 ./Core/Src/adc.o
                0x200000f8                hadc3
 .bss.hdma_adc2
                0x20000148       0x44 ./Core/Src/adc.o
                0x20000148                hdma_adc2
 .bss.hdma_adc3
                0x2000018c       0x44 ./Core/Src/adc.o
                0x2000018c                hdma_adc3
 .bss.phase_current
                0x200001d0        0x2 ./Core/Src/main.o
                0x200001d0                phase_current
 *fill*         0x200001d2        0x2 
 .bss.hopamp3   0x200001d4       0x34 ./Core/Src/opamp.o
                0x200001d4                hopamp3
 .bss.htim1     0x20000208       0x4c ./Core/Src/tim.o
                0x20000208                htim1
 .bss.htim2     0x20000254       0x4c ./Core/Src/tim.o
                0x20000254                htim2
 .bss.uwTick    0x200002a0        0x4 ./Drivers/STM32F3xx_HAL_Driver/Src/stm32f3xx_hal.o
                0x200002a0                uwTick
 .bss.adc2_dma_buffer
                0x200002a4        0x8 ./HAL/Src/hal_adc.o
 .bss.adc3_dma_buffer
                0x200002ac        0x4 ./HAL/Src/hal_adc.o
 .bss.pwm_duty  0x200002b0        0x6 ./HAL/Src/hal_timer.o
 *fill*         0x200002b6        0x2 
 .bss.adc_filter
                0x200002b8       0x18 ./Utils/Src/filter.o
 .bss.__sf      0x200002d0      0x138 C:/ST/STM32CubeIDE_1.19.0/STM32CubeIDE/plugins/com.st.stm32cube.ide.mcu.externaltools.gnu-tools-for-stm32.13.3.rel1.win32_1.0.0.202411081344/tools/bin/../lib/gcc/arm-none-eabi/13.3.1/../../../../arm-none-eabi/lib/thumb/v7e-m+fp/hard\libc_nano.a(libc_a-findfp.o)
                0x200002d0                __sf
 *(COMMON)
                0x20000408                        . = ALIGN (0x4)
                0x20000408                        _ebss = .
                0x20000408                        __bss_end__ = _ebss

._user_heap_stack
                0x20000408      0x600
                0x20000408                        . = ALIGN (0x8)
                [!provide]                        PROVIDE (end = .)
                0x20000408                        PROVIDE (_end = .)
                0x20000608                        . = (. + _Min_Heap_Size)
 *fill*         0x20000408      0x200 
                0x20000a08                        . = (. + _Min_Stack_Size)
 *fill*         0x20000608      0x400 
                0x20000a08                        . = ALIGN (0x8)

/DISCARD/
 libc.a(*)
 libm.a(*)
 libgcc.a(*)

.ARM.attributes
                0x00000000       0x30
 *(.ARM.attributes)
 .ARM.attributes
                0x00000000       0x22 C:/ST/STM32CubeIDE_1.19.0/STM32CubeIDE/plugins/com.st.stm32cube.ide.mcu.externaltools.gnu-tools-for-stm32.13.3.rel1.win32_1.0.0.202411081344/tools/bin/../lib/gcc/arm-none-eabi/13.3.1/thumb/v7e-m+fp/hard/crti.o
 .ARM.attributes
                0x00000022       0x34 C:/ST/STM32CubeIDE_1.19.0/STM32CubeIDE/plugins/com.st.stm32cube.ide.mcu.externaltools.gnu-tools-for-stm32.13.3.rel1.win32_1.0.0.202411081344/tools/bin/../lib/gcc/arm-none-eabi/13.3.1/thumb/v7e-m+fp/hard/crtbegin.o
 .ARM.attributes
                0x00000056       0x34 ./BSP/Src/brake.o
 .ARM.attributes
                0x0000008a       0x34 ./BSP/Src/current_sensor.o
 .ARM.attributes
                0x000000be       0x34 ./BSP/Src/direction.o
 .ARM.attributes
                0x000000f2       0x34 ./BSP/Src/hall_sensor_driver.o
 .ARM.attributes
                0x00000126       0x34 ./BSP/Src/pwm_driver.o
 .ARM.attributes
                0x0000015a       0x34 ./BSP/Src/temperature_sensor.o
 .ARM.attributes
                0x0000018e       0x34 ./BSP/Src/throttle.o
 .ARM.attributes
                0x000001c2       0x34 ./BSP/Src/voltage_sensor.o
 .ARM.attributes
                0x000001f6       0x34 ./Control/Src/commutation.o
 .ARM.attributes
                0x0000022a       0x34 ./Control/Src/motor_control.o
 .ARM.attributes
                0x0000025e       0x34 ./Control/Src/state_machine.o
 .ARM.attributes
                0x00000292       0x34 ./Core/Src/adc.o
 .ARM.attributes
                0x000002c6       0x34 ./Core/Src/dma.o
 .ARM.attributes
                0x000002fa       0x34 ./Core/Src/gpio.o
 .ARM.attributes
                0x0000032e       0x34 ./Core/Src/main.o
 .ARM.attributes
                0x00000362       0x34 ./Core/Src/opamp.o
 .ARM.attributes
                0x00000396       0x34 ./Core/Src/stm32f3xx_hal_msp.o
 .ARM.attributes
                0x000003ca       0x34 ./Core/Src/stm32f3xx_it.o
 .ARM.attributes
                0x000003fe       0x34 ./Core/Src/system_stm32f3xx.o
 .ARM.attributes
                0x00000432       0x34 ./Core/Src/tim.o
 .ARM.attributes
                0x00000466       0x21 ./Core/Startup/startup_stm32f303cctx.o
 .ARM.attributes
                0x00000487       0x34 ./Drivers/STM32F3xx_HAL_Driver/Src/stm32f3xx_hal.o
 .ARM.attributes
                0x000004bb       0x34 ./Drivers/STM32F3xx_HAL_Driver/Src/stm32f3xx_hal_adc.o
 .ARM.attributes
                0x000004ef       0x34 ./Drivers/STM32F3xx_HAL_Driver/Src/stm32f3xx_hal_adc_ex.o
 .ARM.attributes
                0x00000523       0x34 ./Drivers/STM32F3xx_HAL_Driver/Src/stm32f3xx_hal_cortex.o
 .ARM.attributes
                0x00000557       0x34 ./Drivers/STM32F3xx_HAL_Driver/Src/stm32f3xx_hal_dma.o
 .ARM.attributes
                0x0000058b       0x34 ./Drivers/STM32F3xx_HAL_Driver/Src/stm32f3xx_hal_gpio.o
 .ARM.attributes
                0x000005bf       0x34 ./Drivers/STM32F3xx_HAL_Driver/Src/stm32f3xx_hal_opamp.o
 .ARM.attributes
                0x000005f3       0x34 ./Drivers/STM32F3xx_HAL_Driver/Src/stm32f3xx_hal_rcc.o
 .ARM.attributes
                0x00000627       0x34 ./Drivers/STM32F3xx_HAL_Driver/Src/stm32f3xx_hal_rcc_ex.o
 .ARM.attributes
                0x0000065b       0x34 ./Drivers/STM32F3xx_HAL_Driver/Src/stm32f3xx_hal_tim.o
 .ARM.attributes
                0x0000068f       0x34 ./Drivers/STM32F3xx_HAL_Driver/Src/stm32f3xx_hal_tim_ex.o
 .ARM.attributes
                0x000006c3       0x34 ./HAL/Src/hal_adc.o
 .ARM.attributes
                0x000006f7       0x34 ./HAL/Src/hal_gpio.o
 .ARM.attributes
                0x0000072b       0x34 ./HAL/Src/hal_timer.o
 .ARM.attributes
                0x0000075f       0x34 ./Utils/Src/filter.o
 .ARM.attributes
                0x00000793       0x34 C:/ST/STM32CubeIDE_1.19.0/STM32CubeIDE/plugins/com.st.stm32cube.ide.mcu.externaltools.gnu-tools-for-stm32.13.3.rel1.win32_1.0.0.202411081344/tools/bin/../lib/gcc/arm-none-eabi/13.3.1/../../../../arm-none-eabi/lib/thumb/v7e-m+fp/hard\libc_nano.a(libc_a-findfp.o)
 .ARM.attributes
                0x000007c7       0x34 C:/ST/STM32CubeIDE_1.19.0/STM32CubeIDE/plugins/com.st.stm32cube.ide.mcu.externaltools.gnu-tools-for-stm32.13.3.rel1.win32_1.0.0.202411081344/tools/bin/../lib/gcc/arm-none-eabi/13.3.1/../../../../arm-none-eabi/lib/thumb/v7e-m+fp/hard\libc_nano.a(libc_a-memset.o)
 .ARM.attributes
                0x000007fb       0x34 C:/ST/STM32CubeIDE_1.19.0/STM32CubeIDE/plugins/com.st.stm32cube.ide.mcu.externaltools.gnu-tools-for-stm32.13.3.rel1.win32_1.0.0.202411081344/tools/bin/../lib/gcc/arm-none-eabi/13.3.1/../../../../arm-none-eabi/lib/thumb/v7e-m+fp/hard\libc_nano.a(libc_a-impure.o)
 .ARM.attributes
                0x0000082f       0x34 C:/ST/STM32CubeIDE_1.19.0/STM32CubeIDE/plugins/com.st.stm32cube.ide.mcu.externaltools.gnu-tools-for-stm32.13.3.rel1.win32_1.0.0.202411081344/tools/bin/../lib/gcc/arm-none-eabi/13.3.1/../../../../arm-none-eabi/lib/thumb/v7e-m+fp/hard\libc_nano.a(libc_a-errno.o)
 .ARM.attributes
                0x00000863       0x34 C:/ST/STM32CubeIDE_1.19.0/STM32CubeIDE/plugins/com.st.stm32cube.ide.mcu.externaltools.gnu-tools-for-stm32.13.3.rel1.win32_1.0.0.202411081344/tools/bin/../lib/gcc/arm-none-eabi/13.3.1/../../../../arm-none-eabi/lib/thumb/v7e-m+fp/hard\libc_nano.a(libc_a-init.o)
 .ARM.attributes
                0x00000897       0x34 C:/ST/STM32CubeIDE_1.19.0/STM32CubeIDE/plugins/com.st.stm32cube.ide.mcu.externaltools.gnu-tools-for-stm32.13.3.rel1.win32_1.0.0.202411081344/tools/bin/../lib/gcc/arm-none-eabi/13.3.1/../../../../arm-none-eabi/lib/thumb/v7e-m+fp/hard\libm.a(libm_a-wf_log.o)
 .ARM.attributes
                0x000008cb       0x34 C:/ST/STM32CubeIDE_1.19.0/STM32CubeIDE/plugins/com.st.stm32cube.ide.mcu.externaltools.gnu-tools-for-stm32.13.3.rel1.win32_1.0.0.202411081344/tools/bin/../lib/gcc/arm-none-eabi/13.3.1/../../../../arm-none-eabi/lib/thumb/v7e-m+fp/hard\libm.a(libm_a-sf_nan.o)
 .ARM.attributes
                0x000008ff       0x34 C:/ST/STM32CubeIDE_1.19.0/STM32CubeIDE/plugins/com.st.stm32cube.ide.mcu.externaltools.gnu-tools-for-stm32.13.3.rel1.win32_1.0.0.202411081344/tools/bin/../lib/gcc/arm-none-eabi/13.3.1/../../../../arm-none-eabi/lib/thumb/v7e-m+fp/hard\libm.a(libm_a-ef_log.o)
 .ARM.attributes
                0x00000933       0x22 C:/ST/STM32CubeIDE_1.19.0/STM32CubeIDE/plugins/com.st.stm32cube.ide.mcu.externaltools.gnu-tools-for-stm32.13.3.rel1.win32_1.0.0.202411081344/tools/bin/../lib/gcc/arm-none-eabi/13.3.1/thumb/v7e-m+fp/hard/crtn.o
OUTPUT(BLDC_Motor_Driver.elf elf32-littlearm)
LOAD linker stubs
LOAD C:/ST/STM32CubeIDE_1.19.0/STM32CubeIDE/plugins/com.st.stm32cube.ide.mcu.externaltools.gnu-tools-for-stm32.13.3.rel1.win32_1.0.0.202411081344/tools/bin/../lib/gcc/arm-none-eabi/13.3.1/../../../../arm-none-eabi/lib/thumb/v7e-m+fp/hard\libc.a
LOAD C:/ST/STM32CubeIDE_1.19.0/STM32CubeIDE/plugins/com.st.stm32cube.ide.mcu.externaltools.gnu-tools-for-stm32.13.3.rel1.win32_1.0.0.202411081344/tools/bin/../lib/gcc/arm-none-eabi/13.3.1/../../../../arm-none-eabi/lib/thumb/v7e-m+fp/hard\libm.a
LOAD C:/ST/STM32CubeIDE_1.19.0/STM32CubeIDE/plugins/com.st.stm32cube.ide.mcu.externaltools.gnu-tools-for-stm32.13.3.rel1.win32_1.0.0.202411081344/tools/bin/../lib/gcc/arm-none-eabi/13.3.1/thumb/v7e-m+fp/hard\libgcc.a

.debug_info     0x00000000    0x10bd1
 .debug_info    0x00000000       0xd0 ./BSP/Src/brake.o
 .debug_info    0x000000d0      0x152 ./BSP/Src/current_sensor.o
 .debug_info    0x00000222      0x10b ./BSP/Src/direction.o
 .debug_info    0x0000032d      0x217 ./BSP/Src/hall_sensor_driver.o
 .debug_info    0x00000544      0x211 ./BSP/Src/pwm_driver.o
 .debug_info    0x00000755      0x1c9 ./BSP/Src/temperature_sensor.o
 .debug_info    0x0000091e      0x149 ./BSP/Src/throttle.o
 .debug_info    0x00000a67      0x12a ./BSP/Src/voltage_sensor.o
 .debug_info    0x00000b91      0x2b2 ./Control/Src/commutation.o
 .debug_info    0x00000e43      0x391 ./Control/Src/motor_control.o
 .debug_info    0x000011d4      0x233 ./Control/Src/state_machine.o
 .debug_info    0x00001407      0xb14 ./Core/Src/adc.o
 .debug_info    0x00001f1b      0x37d ./Core/Src/dma.o
 .debug_info    0x00002298      0x4ee ./Core/Src/gpio.o
 .debug_info    0x00002786      0xa62 ./Core/Src/main.o
 .debug_info    0x000031e8      0x4f6 ./Core/Src/opamp.o
 .debug_info    0x000036de      0x18d ./Core/Src/stm32f3xx_hal_msp.o
 .debug_info    0x0000386b      0x772 ./Core/Src/stm32f3xx_it.o
 .debug_info    0x00003fdd      0x407 ./Core/Src/system_stm32f3xx.o
 .debug_info    0x000043e4      0xeee ./Core/Src/tim.o
 .debug_info    0x000052d2       0x30 ./Core/Startup/startup_stm32f303cctx.o
 .debug_info    0x00005302      0x7d4 ./Drivers/STM32F3xx_HAL_Driver/Src/stm32f3xx_hal.o
 .debug_info    0x00005ad6      0xb32 ./Drivers/STM32F3xx_HAL_Driver/Src/stm32f3xx_hal_adc.o
 .debug_info    0x00006608     0x15b2 ./Drivers/STM32F3xx_HAL_Driver/Src/stm32f3xx_hal_adc_ex.o
 .debug_info    0x00007bba      0xce4 ./Drivers/STM32F3xx_HAL_Driver/Src/stm32f3xx_hal_cortex.o
 .debug_info    0x0000889e      0x6e1 ./Drivers/STM32F3xx_HAL_Driver/Src/stm32f3xx_hal_dma.o
 .debug_info    0x00008f7f      0x5fe ./Drivers/STM32F3xx_HAL_Driver/Src/stm32f3xx_hal_gpio.o
 .debug_info    0x0000957d      0x59b ./Drivers/STM32F3xx_HAL_Driver/Src/stm32f3xx_hal_opamp.o
 .debug_info    0x00009b18     0x148a ./Drivers/STM32F3xx_HAL_Driver/Src/stm32f3xx_hal_rcc.o
 .debug_info    0x0000afa2      0x5b9 ./Drivers/STM32F3xx_HAL_Driver/Src/stm32f3xx_hal_rcc_ex.o
 .debug_info    0x0000b55b     0x2a70 ./Drivers/STM32F3xx_HAL_Driver/Src/stm32f3xx_hal_tim.o
 .debug_info    0x0000dfcb     0x156d ./Drivers/STM32F3xx_HAL_Driver/Src/stm32f3xx_hal_tim_ex.o
 .debug_info    0x0000f538      0x92a ./HAL/Src/hal_adc.o
 .debug_info    0x0000fe62      0x226 ./HAL/Src/hal_gpio.o
 .debug_info    0x00010088      0x89e ./HAL/Src/hal_timer.o
 .debug_info    0x00010926      0x2ab ./Utils/Src/filter.o

.debug_abbrev   0x00000000     0x3903
 .debug_abbrev  0x00000000       0x9f ./BSP/Src/brake.o
 .debug_abbrev  0x0000009f       0xcf ./BSP/Src/current_sensor.o
 .debug_abbrev  0x0000016e       0xcb ./BSP/Src/direction.o
 .debug_abbrev  0x00000239       0xf0 ./BSP/Src/hall_sensor_driver.o
 .debug_abbrev  0x00000329      0x13d ./BSP/Src/pwm_driver.o
 .debug_abbrev  0x00000466       0xfd ./BSP/Src/temperature_sensor.o
 .debug_abbrev  0x00000563       0xba ./BSP/Src/throttle.o
 .debug_abbrev  0x0000061d       0xba ./BSP/Src/voltage_sensor.o
 .debug_abbrev  0x000006d7      0x153 ./Control/Src/commutation.o
 .debug_abbrev  0x0000082a       0xfd ./Control/Src/motor_control.o
 .debug_abbrev  0x00000927      0x148 ./Control/Src/state_machine.o
 .debug_abbrev  0x00000a6f      0x21e ./Core/Src/adc.o
 .debug_abbrev  0x00000c8d       0xfc ./Core/Src/dma.o
 .debug_abbrev  0x00000d89      0x158 ./Core/Src/gpio.o
 .debug_abbrev  0x00000ee1      0x237 ./Core/Src/main.o
 .debug_abbrev  0x00001118      0x1c3 ./Core/Src/opamp.o
 .debug_abbrev  0x000012db       0xc6 ./Core/Src/stm32f3xx_hal_msp.o
 .debug_abbrev  0x000013a1      0x1ad ./Core/Src/stm32f3xx_it.o
 .debug_abbrev  0x0000154e      0x11a ./Core/Src/system_stm32f3xx.o
 .debug_abbrev  0x00001668      0x274 ./Core/Src/tim.o
 .debug_abbrev  0x000018dc       0x24 ./Core/Startup/startup_stm32f303cctx.o
 .debug_abbrev  0x00001900      0x215 ./Drivers/STM32F3xx_HAL_Driver/Src/stm32f3xx_hal.o
 .debug_abbrev  0x00001b15      0x186 ./Drivers/STM32F3xx_HAL_Driver/Src/stm32f3xx_hal_adc.o
 .debug_abbrev  0x00001c9b      0x28e ./Drivers/STM32F3xx_HAL_Driver/Src/stm32f3xx_hal_adc_ex.o
 .debug_abbrev  0x00001f29      0x31e ./Drivers/STM32F3xx_HAL_Driver/Src/stm32f3xx_hal_cortex.o
 .debug_abbrev  0x00002247      0x20d ./Drivers/STM32F3xx_HAL_Driver/Src/stm32f3xx_hal_dma.o
 .debug_abbrev  0x00002454      0x1ca ./Drivers/STM32F3xx_HAL_Driver/Src/stm32f3xx_hal_gpio.o
 .debug_abbrev  0x0000261e      0x1bf ./Drivers/STM32F3xx_HAL_Driver/Src/stm32f3xx_hal_opamp.o
 .debug_abbrev  0x000027dd      0x300 ./Drivers/STM32F3xx_HAL_Driver/Src/stm32f3xx_hal_rcc.o
 .debug_abbrev  0x00002add      0x221 ./Drivers/STM32F3xx_HAL_Driver/Src/stm32f3xx_hal_rcc_ex.o
 .debug_abbrev  0x00002cfe      0x278 ./Drivers/STM32F3xx_HAL_Driver/Src/stm32f3xx_hal_tim.o
 .debug_abbrev  0x00002f76      0x283 ./Drivers/STM32F3xx_HAL_Driver/Src/stm32f3xx_hal_tim_ex.o
 .debug_abbrev  0x000031f9      0x1eb ./HAL/Src/hal_adc.o
 .debug_abbrev  0x000033e4      0x152 ./HAL/Src/hal_gpio.o
 .debug_abbrev  0x00003536      0x25f ./HAL/Src/hal_timer.o
 .debug_abbrev  0x00003795      0x16e ./Utils/Src/filter.o

.debug_aranges  0x00000000     0x11b8
 .debug_aranges
                0x00000000       0x30 ./BSP/Src/brake.o
 .debug_aranges
                0x00000030       0x30 ./BSP/Src/current_sensor.o
 .debug_aranges
                0x00000060       0x38 ./BSP/Src/direction.o
 .debug_aranges
                0x00000098       0x48 ./BSP/Src/hall_sensor_driver.o
 .debug_aranges
                0x000000e0       0x48 ./BSP/Src/pwm_driver.o
 .debug_aranges
                0x00000128       0x40 ./BSP/Src/temperature_sensor.o
 .debug_aranges
                0x00000168       0x30 ./BSP/Src/throttle.o
 .debug_aranges
                0x00000198       0x30 ./BSP/Src/voltage_sensor.o
 .debug_aranges
                0x000001c8       0x38 ./Control/Src/commutation.o
 .debug_aranges
                0x00000200       0x40 ./Control/Src/motor_control.o
 .debug_aranges
                0x00000240       0x80 ./Control/Src/state_machine.o
 .debug_aranges
                0x000002c0       0x38 ./Core/Src/adc.o
 .debug_aranges
                0x000002f8       0x20 ./Core/Src/dma.o
 .debug_aranges
                0x00000318       0x20 ./Core/Src/gpio.o
 .debug_aranges
                0x00000338       0x40 ./Core/Src/main.o
 .debug_aranges
                0x00000378       0x30 ./Core/Src/opamp.o
 .debug_aranges
                0x000003a8       0x20 ./Core/Src/stm32f3xx_hal_msp.o
 .debug_aranges
                0x000003c8       0x88 ./Core/Src/stm32f3xx_it.o
 .debug_aranges
                0x00000450       0x28 ./Core/Src/system_stm32f3xx.o
 .debug_aranges
                0x00000478       0x50 ./Core/Src/tim.o
 .debug_aranges
                0x000004c8       0x28 ./Core/Startup/startup_stm32f303cctx.o
 .debug_aranges
                0x000004f0       0xe0 ./Drivers/STM32F3xx_HAL_Driver/Src/stm32f3xx_hal.o
 .debug_aranges
                0x000005d0       0xc8 ./Drivers/STM32F3xx_HAL_Driver/Src/stm32f3xx_hal_adc.o
 .debug_aranges
                0x00000698      0x168 ./Drivers/STM32F3xx_HAL_Driver/Src/stm32f3xx_hal_adc_ex.o
 .debug_aranges
                0x00000800      0x128 ./Drivers/STM32F3xx_HAL_Driver/Src/stm32f3xx_hal_cortex.o
 .debug_aranges
                0x00000928       0x88 ./Drivers/STM32F3xx_HAL_Driver/Src/stm32f3xx_hal_dma.o
 .debug_aranges
                0x000009b0       0x58 ./Drivers/STM32F3xx_HAL_Driver/Src/stm32f3xx_hal_gpio.o
 .debug_aranges
                0x00000a08       0x68 ./Drivers/STM32F3xx_HAL_Driver/Src/stm32f3xx_hal_opamp.o
 .debug_aranges
                0x00000a70       0x88 ./Drivers/STM32F3xx_HAL_Driver/Src/stm32f3xx_hal_rcc.o
 .debug_aranges
                0x00000af8       0x38 ./Drivers/STM32F3xx_HAL_Driver/Src/stm32f3xx_hal_rcc_ex.o
 .debug_aranges
                0x00000b30      0x3e0 ./Drivers/STM32F3xx_HAL_Driver/Src/stm32f3xx_hal_tim.o
 .debug_aranges
                0x00000f10      0x178 ./Drivers/STM32F3xx_HAL_Driver/Src/stm32f3xx_hal_tim_ex.o
 .debug_aranges
                0x00001088       0x48 ./HAL/Src/hal_adc.o
 .debug_aranges
                0x000010d0       0x38 ./HAL/Src/hal_gpio.o
 .debug_aranges
                0x00001108       0x70 ./HAL/Src/hal_timer.o
 .debug_aranges
                0x00001178       0x40 ./Utils/Src/filter.o

.debug_rnglists
                0x00000000      0xd3a
 .debug_rnglists
                0x00000000       0x1f ./BSP/Src/brake.o
 .debug_rnglists
                0x0000001f       0x1f ./BSP/Src/current_sensor.o
 .debug_rnglists
                0x0000003e       0x25 ./BSP/Src/direction.o
 .debug_rnglists
                0x00000063       0x32 ./BSP/Src/hall_sensor_driver.o
 .debug_rnglists
                0x00000095       0x31 ./BSP/Src/pwm_driver.o
 .debug_rnglists
                0x000000c6       0x2c ./BSP/Src/temperature_sensor.o
 .debug_rnglists
                0x000000f2       0x1f ./BSP/Src/throttle.o
 .debug_rnglists
                0x00000111       0x1f ./BSP/Src/voltage_sensor.o
 .debug_rnglists
                0x00000130       0x25 ./Control/Src/commutation.o
 .debug_rnglists
                0x00000155       0x2c ./Control/Src/motor_control.o
 .debug_rnglists
                0x00000181       0x5d ./Control/Src/state_machine.o
 .debug_rnglists
                0x000001de       0x28 ./Core/Src/adc.o
 .debug_rnglists
                0x00000206       0x13 ./Core/Src/dma.o
 .debug_rnglists
                0x00000219       0x14 ./Core/Src/gpio.o
 .debug_rnglists
                0x0000022d       0x2c ./Core/Src/main.o
 .debug_rnglists
                0x00000259       0x1f ./Core/Src/opamp.o
 .debug_rnglists
                0x00000278       0x13 ./Core/Src/stm32f3xx_hal_msp.o
 .debug_rnglists
                0x0000028b       0x61 ./Core/Src/stm32f3xx_it.o
 .debug_rnglists
                0x000002ec       0x1a ./Core/Src/system_stm32f3xx.o
 .debug_rnglists
                0x00000306       0x3b ./Core/Src/tim.o
 .debug_rnglists
                0x00000341       0x19 ./Core/Startup/startup_stm32f303cctx.o
 .debug_rnglists
                0x0000035a       0xa3 ./Drivers/STM32F3xx_HAL_Driver/Src/stm32f3xx_hal.o
 .debug_rnglists
                0x000003fd       0x91 ./Drivers/STM32F3xx_HAL_Driver/Src/stm32f3xx_hal_adc.o
 .debug_rnglists
                0x0000048e      0x126 ./Drivers/STM32F3xx_HAL_Driver/Src/stm32f3xx_hal_adc_ex.o
 .debug_rnglists
                0x000005b4       0xda ./Drivers/STM32F3xx_HAL_Driver/Src/stm32f3xx_hal_cortex.o
 .debug_rnglists
                0x0000068e       0x69 ./Drivers/STM32F3xx_HAL_Driver/Src/stm32f3xx_hal_dma.o
 .debug_rnglists
                0x000006f7       0x3f ./Drivers/STM32F3xx_HAL_Driver/Src/stm32f3xx_hal_gpio.o
 .debug_rnglists
                0x00000736       0x4c ./Drivers/STM32F3xx_HAL_Driver/Src/stm32f3xx_hal_opamp.o
 .debug_rnglists
                0x00000782       0x66 ./Drivers/STM32F3xx_HAL_Driver/Src/stm32f3xx_hal_rcc.o
 .debug_rnglists
                0x000007e8       0x28 ./Drivers/STM32F3xx_HAL_Driver/Src/stm32f3xx_hal_rcc_ex.o
 .debug_rnglists
                0x00000810      0x328 ./Drivers/STM32F3xx_HAL_Driver/Src/stm32f3xx_hal_tim.o
 .debug_rnglists
                0x00000b38      0x131 ./Drivers/STM32F3xx_HAL_Driver/Src/stm32f3xx_hal_tim_ex.o
 .debug_rnglists
                0x00000c69       0x31 ./HAL/Src/hal_adc.o
 .debug_rnglists
                0x00000c9a       0x25 ./HAL/Src/hal_gpio.o
 .debug_rnglists
                0x00000cbf       0x4f ./HAL/Src/hal_timer.o
 .debug_rnglists
                0x00000d0e       0x2c ./Utils/Src/filter.o

.debug_macro    0x00000000    0x2013b
 .debug_macro   0x00000000       0x80 ./BSP/Src/brake.o
 .debug_macro   0x00000080      0xad8 ./BSP/Src/brake.o
 .debug_macro   0x00000b58       0x22 ./BSP/Src/brake.o
 .debug_macro   0x00000b7a       0x8e ./BSP/Src/brake.o
 .debug_macro   0x00000c08       0x51 ./BSP/Src/brake.o
 .debug_macro   0x00000c59      0x103 ./BSP/Src/brake.o
 .debug_macro   0x00000d5c       0x6a ./BSP/Src/brake.o
 .debug_macro   0x00000dc6      0x1df ./BSP/Src/brake.o
 .debug_macro   0x00000fa5       0x22 ./BSP/Src/brake.o
 .debug_macro   0x00000fc7       0x9d ./BSP/Src/current_sensor.o
 .debug_macro   0x00001064       0x28 ./BSP/Src/current_sensor.o
 .debug_macro   0x0000108c       0x2e ./BSP/Src/current_sensor.o
 .debug_macro   0x000010ba       0x80 ./BSP/Src/direction.o
 .debug_macro   0x0000113a       0x95 ./BSP/Src/hall_sensor_driver.o
 .debug_macro   0x000011cf       0x22 ./BSP/Src/hall_sensor_driver.o
 .debug_macro   0x000011f1       0x7c ./BSP/Src/pwm_driver.o
 .debug_macro   0x0000126d      0x14a ./BSP/Src/temperature_sensor.o
 .debug_macro   0x000013b7       0x61 ./BSP/Src/temperature_sensor.o
 .debug_macro   0x00001418       0x2a ./BSP/Src/temperature_sensor.o
 .debug_macro   0x00001442       0x43 ./BSP/Src/temperature_sensor.o
 .debug_macro   0x00001485       0x34 ./BSP/Src/temperature_sensor.o
 .debug_macro   0x000014b9      0x190 ./BSP/Src/temperature_sensor.o
 .debug_macro   0x00001649      0x370 ./BSP/Src/temperature_sensor.o
 .debug_macro   0x000019b9       0x16 ./BSP/Src/temperature_sensor.o
 .debug_macro   0x000019cf       0x4a ./BSP/Src/temperature_sensor.o
 .debug_macro   0x00001a19       0x34 ./BSP/Src/temperature_sensor.o
 .debug_macro   0x00001a4d       0x10 ./BSP/Src/temperature_sensor.o
 .debug_macro   0x00001a5d       0x58 ./BSP/Src/temperature_sensor.o
 .debug_macro   0x00001ab5       0x8e ./BSP/Src/temperature_sensor.o
 .debug_macro   0x00001b43       0x1c ./BSP/Src/temperature_sensor.o
 .debug_macro   0x00001b5f      0x185 ./BSP/Src/temperature_sensor.o
 .debug_macro   0x00001ce4      0x19b ./BSP/Src/temperature_sensor.o
 .debug_macro   0x00001e7f       0x91 ./BSP/Src/throttle.o
 .debug_macro   0x00001f10       0x88 ./BSP/Src/voltage_sensor.o
 .debug_macro   0x00001f98       0x94 ./Control/Src/commutation.o
 .debug_macro   0x0000202c       0xd9 ./Control/Src/motor_control.o
 .debug_macro   0x00002105       0x94 ./Control/Src/state_machine.o
 .debug_macro   0x00002199      0x20a ./Core/Src/adc.o
 .debug_macro   0x000023a3      0x164 ./Core/Src/adc.o
 .debug_macro   0x00002507       0x2e ./Core/Src/adc.o
 .debug_macro   0x00002535       0x28 ./Core/Src/adc.o
 .debug_macro   0x0000255d       0x1c ./Core/Src/adc.o
 .debug_macro   0x00002579       0x22 ./Core/Src/adc.o
 .debug_macro   0x0000259b       0xd9 ./Core/Src/adc.o
 .debug_macro   0x00002674     0x102d ./Core/Src/adc.o
 .debug_macro   0x000036a1      0x11f ./Core/Src/adc.o
 .debug_macro   0x000037c0    0x12a3a ./Core/Src/adc.o
 .debug_macro   0x000161fa       0x6d ./Core/Src/adc.o
 .debug_macro   0x00016267     0x3574 ./Core/Src/adc.o
 .debug_macro   0x000197db       0x55 ./Core/Src/adc.o
 .debug_macro   0x00019830      0x961 ./Core/Src/adc.o
 .debug_macro   0x0001a191      0x5fe ./Core/Src/adc.o
 .debug_macro   0x0001a78f      0x1b5 ./Core/Src/adc.o
 .debug_macro   0x0001a944      0x1fb ./Core/Src/adc.o
 .debug_macro   0x0001ab3f      0x1dc ./Core/Src/adc.o
 .debug_macro   0x0001ad1b      0x1bc ./Core/Src/adc.o
 .debug_macro   0x0001aed7       0x30 ./Core/Src/adc.o
 .debug_macro   0x0001af07       0x3c ./Core/Src/adc.o
 .debug_macro   0x0001af43      0x235 ./Core/Src/adc.o
 .debug_macro   0x0001b178      0x9b1 ./Core/Src/adc.o
 .debug_macro   0x0001bb29       0x77 ./Core/Src/adc.o
 .debug_macro   0x0001bba0       0xc5 ./Core/Src/adc.o
 .debug_macro   0x0001bc65      0x21d ./Core/Src/adc.o
 .debug_macro   0x0001be82      0x22c ./Core/Src/adc.o
 .debug_macro   0x0001c0ae       0x5b ./Core/Src/adc.o
 .debug_macro   0x0001c109       0xa5 ./Core/Src/adc.o
 .debug_macro   0x0001c1ae      0x17d ./Core/Src/adc.o
 .debug_macro   0x0001c32b       0x81 ./Core/Src/adc.o
 .debug_macro   0x0001c3ac       0xd3 ./Core/Src/adc.o
 .debug_macro   0x0001c47f      0xa60 ./Core/Src/adc.o
 .debug_macro   0x0001cedf       0x89 ./Core/Src/adc.o
 .debug_macro   0x0001cf68      0x275 ./Core/Src/adc.o
 .debug_macro   0x0001d1dd       0xc4 ./Core/Src/adc.o
 .debug_macro   0x0001d2a1      0x20a ./Core/Src/dma.o
 .debug_macro   0x0001d4ab      0x20a ./Core/Src/gpio.o
 .debug_macro   0x0001d6b5      0x265 ./Core/Src/main.o
 .debug_macro   0x0001d91a      0x20a ./Core/Src/opamp.o
 .debug_macro   0x0001db24      0x200 ./Core/Src/stm32f3xx_hal_msp.o
 .debug_macro   0x0001dd24      0x20a ./Core/Src/stm32f3xx_it.o
 .debug_macro   0x0001df2e      0x1f1 ./Core/Src/system_stm32f3xx.o
 .debug_macro   0x0001e11f      0x20a ./Core/Src/tim.o
 .debug_macro   0x0001e329      0x215 ./Drivers/STM32F3xx_HAL_Driver/Src/stm32f3xx_hal.o
 .debug_macro   0x0001e53e      0x1f2 ./Drivers/STM32F3xx_HAL_Driver/Src/stm32f3xx_hal_adc.o
 .debug_macro   0x0001e730      0x21b ./Drivers/STM32F3xx_HAL_Driver/Src/stm32f3xx_hal_adc_ex.o
 .debug_macro   0x0001e94b      0x1f1 ./Drivers/STM32F3xx_HAL_Driver/Src/stm32f3xx_hal_cortex.o
 .debug_macro   0x0001eb3c      0x1f1 ./Drivers/STM32F3xx_HAL_Driver/Src/stm32f3xx_hal_dma.o
 .debug_macro   0x0001ed2d      0x1f8 ./Drivers/STM32F3xx_HAL_Driver/Src/stm32f3xx_hal_gpio.o
 .debug_macro   0x0001ef25      0x1f9 ./Drivers/STM32F3xx_HAL_Driver/Src/stm32f3xx_hal_opamp.o
 .debug_macro   0x0001f11e      0x215 ./Drivers/STM32F3xx_HAL_Driver/Src/stm32f3xx_hal_rcc.o
 .debug_macro   0x0001f333      0x1f1 ./Drivers/STM32F3xx_HAL_Driver/Src/stm32f3xx_hal_rcc_ex.o
 .debug_macro   0x0001f524      0x1f2 ./Drivers/STM32F3xx_HAL_Driver/Src/stm32f3xx_hal_tim.o
 .debug_macro   0x0001f716      0x1f1 ./Drivers/STM32F3xx_HAL_Driver/Src/stm32f3xx_hal_tim_ex.o
 .debug_macro   0x0001f907      0x223 ./HAL/Src/hal_adc.o
 .debug_macro   0x0001fb2a       0x22 ./HAL/Src/hal_adc.o
 .debug_macro   0x0001fb4c      0x21d ./HAL/Src/hal_gpio.o
 .debug_macro   0x0001fd69      0x219 ./HAL/Src/hal_timer.o
 .debug_macro   0x0001ff82       0x1c ./HAL/Src/hal_timer.o
 .debug_macro   0x0001ff9e      0x145 ./Utils/Src/filter.o
 .debug_macro   0x000200e3       0x28 ./Utils/Src/filter.o
 .debug_macro   0x0002010b       0x10 ./Utils/Src/filter.o
 .debug_macro   0x0002011b       0x20 ./Utils/Src/filter.o

.debug_line     0x00000000    0x1933b
 .debug_line    0x00000000      0x4ee ./BSP/Src/brake.o
 .debug_line    0x000004ee      0x548 ./BSP/Src/current_sensor.o
 .debug_line    0x00000a36      0x508 ./BSP/Src/direction.o
 .debug_line    0x00000f3e      0x580 ./BSP/Src/hall_sensor_driver.o
 .debug_line    0x000014be      0x556 ./BSP/Src/pwm_driver.o
 .debug_line    0x00001a14      0x6aa ./BSP/Src/temperature_sensor.o
 .debug_line    0x000020be      0x50e ./BSP/Src/throttle.o
 .debug_line    0x000025cc      0x4f3 ./BSP/Src/voltage_sensor.o
 .debug_line    0x00002abf      0x573 ./Control/Src/commutation.o
 .debug_line    0x00003032      0x68f ./Control/Src/motor_control.o
 .debug_line    0x000036c1      0x70c ./Control/Src/state_machine.o
 .debug_line    0x00003dcd      0x95c ./Core/Src/adc.o
 .debug_line    0x00004729      0x7a2 ./Core/Src/dma.o
 .debug_line    0x00004ecb      0x7b3 ./Core/Src/gpio.o
 .debug_line    0x0000567e      0xa01 ./Core/Src/main.o
 .debug_line    0x0000607f      0x809 ./Core/Src/opamp.o
 .debug_line    0x00006888      0x7a4 ./Core/Src/stm32f3xx_hal_msp.o
 .debug_line    0x0000702c      0x8cb ./Core/Src/stm32f3xx_it.o
 .debug_line    0x000078f7      0x81e ./Core/Src/system_stm32f3xx.o
 .debug_line    0x00008115      0x978 ./Core/Src/tim.o
 .debug_line    0x00008a8d       0x7a ./Core/Startup/startup_stm32f303cctx.o
 .debug_line    0x00008b07      0xa5a ./Drivers/STM32F3xx_HAL_Driver/Src/stm32f3xx_hal.o
 .debug_line    0x00009561      0x994 ./Drivers/STM32F3xx_HAL_Driver/Src/stm32f3xx_hal_adc.o
 .debug_line    0x00009ef5     0x2648 ./Drivers/STM32F3xx_HAL_Driver/Src/stm32f3xx_hal_adc_ex.o
 .debug_line    0x0000c53d      0xd25 ./Drivers/STM32F3xx_HAL_Driver/Src/stm32f3xx_hal_cortex.o
 .debug_line    0x0000d262      0xd48 ./Drivers/STM32F3xx_HAL_Driver/Src/stm32f3xx_hal_dma.o
 .debug_line    0x0000dfaa      0xba5 ./Drivers/STM32F3xx_HAL_Driver/Src/stm32f3xx_hal_gpio.o
 .debug_line    0x0000eb4f      0xa83 ./Drivers/STM32F3xx_HAL_Driver/Src/stm32f3xx_hal_opamp.o
 .debug_line    0x0000f5d2     0x15b9 ./Drivers/STM32F3xx_HAL_Driver/Src/stm32f3xx_hal_rcc.o
 .debug_line    0x00010b8b      0xdf6 ./Drivers/STM32F3xx_HAL_Driver/Src/stm32f3xx_hal_rcc_ex.o
 .debug_line    0x00011981     0x3e3f ./Drivers/STM32F3xx_HAL_Driver/Src/stm32f3xx_hal_tim.o
 .debug_line    0x000157c0     0x1a87 ./Drivers/STM32F3xx_HAL_Driver/Src/stm32f3xx_hal_tim_ex.o
 .debug_line    0x00017247      0x872 ./HAL/Src/hal_adc.o
 .debug_line    0x00017ab9      0x87e ./HAL/Src/hal_gpio.o
 .debug_line    0x00018337      0x925 ./HAL/Src/hal_timer.o
 .debug_line    0x00018c5c      0x6df ./Utils/Src/filter.o

.debug_str      0x00000000    0xbd70a
 .debug_str     0x00000000    0xbd70a ./BSP/Src/brake.o
                               0x3e43 (size before relaxing)
 .debug_str     0x000bd70a     0x3fe8 ./BSP/Src/current_sensor.o
 .debug_str     0x000bd70a     0x3e9d ./BSP/Src/direction.o
 .debug_str     0x000bd70a     0x404c ./BSP/Src/hall_sensor_driver.o
 .debug_str     0x000bd70a     0x3f5a ./BSP/Src/pwm_driver.o
 .debug_str     0x000bd70a     0x7ce6 ./BSP/Src/temperature_sensor.o
 .debug_str     0x000bd70a     0x3f53 ./BSP/Src/throttle.o
 .debug_str     0x000bd70a     0x3f11 ./BSP/Src/voltage_sensor.o
 .debug_str     0x000bd70a     0x4044 ./Control/Src/commutation.o
 .debug_str     0x000bd70a     0x4414 ./Control/Src/motor_control.o
 .debug_str     0x000bd70a     0x40a5 ./Control/Src/state_machine.o
 .debug_str     0x000bd70a    0xb59c3 ./Core/Src/adc.o
 .debug_str     0x000bd70a    0xb57c1 ./Core/Src/dma.o
 .debug_str     0x000bd70a    0xb5853 ./Core/Src/gpio.o
 .debug_str     0x000bd70a    0xb5e80 ./Core/Src/main.o
 .debug_str     0x000bd70a    0xb5644 ./Core/Src/opamp.o
 .debug_str     0x000bd70a    0xb5360 ./Core/Src/stm32f3xx_hal_msp.o
 .debug_str     0x000bd70a    0xb596c ./Core/Src/stm32f3xx_it.o
 .debug_str     0x000bd70a    0xb50b1 ./Core/Src/system_stm32f3xx.o
 .debug_str     0x000bd70a    0xb60ea ./Core/Src/tim.o
 .debug_str     0x000bd70a       0x80 ./Core/Startup/startup_stm32f303cctx.o
 .debug_str     0x000bd70a    0xb58ef ./Drivers/STM32F3xx_HAL_Driver/Src/stm32f3xx_hal.o
 .debug_str     0x000bd70a    0xb569e ./Drivers/STM32F3xx_HAL_Driver/Src/stm32f3xx_hal_adc.o
 .debug_str     0x000bd70a    0xb5db7 ./Drivers/STM32F3xx_HAL_Driver/Src/stm32f3xx_hal_adc_ex.o
 .debug_str     0x000bd70a    0xb5973 ./Drivers/STM32F3xx_HAL_Driver/Src/stm32f3xx_hal_cortex.o
 .debug_str     0x000bd70a    0xb53f9 ./Drivers/STM32F3xx_HAL_Driver/Src/stm32f3xx_hal_dma.o
 .debug_str     0x000bd70a    0xb521e ./Drivers/STM32F3xx_HAL_Driver/Src/stm32f3xx_hal_gpio.o
 .debug_str     0x000bd70a    0xb536f ./Drivers/STM32F3xx_HAL_Driver/Src/stm32f3xx_hal_opamp.o
 .debug_str     0x000bd70a    0xb5551 ./Drivers/STM32F3xx_HAL_Driver/Src/stm32f3xx_hal_rcc.o
 .debug_str     0x000bd70a    0xb5315 ./Drivers/STM32F3xx_HAL_Driver/Src/stm32f3xx_hal_rcc_ex.o
 .debug_str     0x000bd70a    0xb64e8 ./Drivers/STM32F3xx_HAL_Driver/Src/stm32f3xx_hal_tim.o
 .debug_str     0x000bd70a    0xb5d2e ./Drivers/STM32F3xx_HAL_Driver/Src/stm32f3xx_hal_tim_ex.o
 .debug_str     0x000bd70a    0xb5a81 ./HAL/Src/hal_adc.o
 .debug_str     0x000bd70a    0xb5459 ./HAL/Src/hal_gpio.o
 .debug_str     0x000bd70a    0xb5a82 ./HAL/Src/hal_timer.o
 .debug_str     0x000bd70a     0x748e ./Utils/Src/filter.o

.comment        0x00000000       0x43
 .comment       0x00000000       0x43 ./BSP/Src/brake.o
                                 0x44 (size before relaxing)
 .comment       0x00000043       0x44 ./BSP/Src/current_sensor.o
 .comment       0x00000043       0x44 ./BSP/Src/direction.o
 .comment       0x00000043       0x44 ./BSP/Src/hall_sensor_driver.o
 .comment       0x00000043       0x44 ./BSP/Src/pwm_driver.o
 .comment       0x00000043       0x44 ./BSP/Src/temperature_sensor.o
 .comment       0x00000043       0x44 ./BSP/Src/throttle.o
 .comment       0x00000043       0x44 ./BSP/Src/voltage_sensor.o
 .comment       0x00000043       0x44 ./Control/Src/commutation.o
 .comment       0x00000043       0x44 ./Control/Src/motor_control.o
 .comment       0x00000043       0x44 ./Control/Src/state_machine.o
 .comment       0x00000043       0x44 ./Core/Src/adc.o
 .comment       0x00000043       0x44 ./Core/Src/dma.o
 .comment       0x00000043       0x44 ./Core/Src/gpio.o
 .comment       0x00000043       0x44 ./Core/Src/main.o
 .comment       0x00000043       0x44 ./Core/Src/opamp.o
 .comment       0x00000043       0x44 ./Core/Src/stm32f3xx_hal_msp.o
 .comment       0x00000043       0x44 ./Core/Src/stm32f3xx_it.o
 .comment       0x00000043       0x44 ./Core/Src/system_stm32f3xx.o
 .comment       0x00000043       0x44 ./Core/Src/tim.o
 .comment       0x00000043       0x44 ./Drivers/STM32F3xx_HAL_Driver/Src/stm32f3xx_hal.o
 .comment       0x00000043       0x44 ./Drivers/STM32F3xx_HAL_Driver/Src/stm32f3xx_hal_adc.o
 .comment       0x00000043       0x44 ./Drivers/STM32F3xx_HAL_Driver/Src/stm32f3xx_hal_adc_ex.o
 .comment       0x00000043       0x44 ./Drivers/STM32F3xx_HAL_Driver/Src/stm32f3xx_hal_cortex.o
 .comment       0x00000043       0x44 ./Drivers/STM32F3xx_HAL_Driver/Src/stm32f3xx_hal_dma.o
 .comment       0x00000043       0x44 ./Drivers/STM32F3xx_HAL_Driver/Src/stm32f3xx_hal_gpio.o
 .comment       0x00000043       0x44 ./Drivers/STM32F3xx_HAL_Driver/Src/stm32f3xx_hal_opamp.o
 .comment       0x00000043       0x44 ./Drivers/STM32F3xx_HAL_Driver/Src/stm32f3xx_hal_rcc.o
 .comment       0x00000043       0x44 ./Drivers/STM32F3xx_HAL_Driver/Src/stm32f3xx_hal_rcc_ex.o
 .comment       0x00000043       0x44 ./Drivers/STM32F3xx_HAL_Driver/Src/stm32f3xx_hal_tim.o
 .comment       0x00000043       0x44 ./Drivers/STM32F3xx_HAL_Driver/Src/stm32f3xx_hal_tim_ex.o
 .comment       0x00000043       0x44 ./HAL/Src/hal_adc.o
 .comment       0x00000043       0x44 ./HAL/Src/hal_gpio.o
 .comment       0x00000043       0x44 ./HAL/Src/hal_timer.o
 .comment       0x00000043       0x44 ./Utils/Src/filter.o

.debug_frame    0x00000000     0x4510
 .debug_frame   0x00000000       0x6c ./BSP/Src/brake.o
 .debug_frame   0x0000006c       0x74 ./BSP/Src/current_sensor.o
 .debug_frame   0x000000e0       0x8c ./BSP/Src/direction.o
 .debug_frame   0x0000016c       0xd4 ./BSP/Src/hall_sensor_driver.o
 .debug_frame   0x00000240       0xe0 ./BSP/Src/pwm_driver.o
 .debug_frame   0x00000320       0xb8 ./BSP/Src/temperature_sensor.o
 .debug_frame   0x000003d8       0x74 ./BSP/Src/throttle.o
 .debug_frame   0x0000044c       0x74 ./BSP/Src/voltage_sensor.o
 .debug_frame   0x000004c0       0x90 ./Control/Src/commutation.o
 .debug_frame   0x00000550       0xac ./Control/Src/motor_control.o
 .debug_frame   0x000005fc      0x1a0 ./Control/Src/state_machine.o
 .debug_frame   0x0000079c       0xa0 ./Core/Src/adc.o
 .debug_frame   0x0000083c       0x34 ./Core/Src/dma.o
 .debug_frame   0x00000870       0x34 ./Core/Src/gpio.o
 .debug_frame   0x000008a4       0xb4 ./Core/Src/main.o
 .debug_frame   0x00000958       0x74 ./Core/Src/opamp.o
 .debug_frame   0x000009cc       0x38 ./Core/Src/stm32f3xx_hal_msp.o
 .debug_frame   0x00000a04      0x190 ./Core/Src/stm32f3xx_it.o
 .debug_frame   0x00000b94       0x58 ./Core/Src/system_stm32f3xx.o
 .debug_frame   0x00000bec      0x114 ./Core/Src/tim.o
 .debug_frame   0x00000d00      0x334 ./Drivers/STM32F3xx_HAL_Driver/Src/stm32f3xx_hal.o
 .debug_frame   0x00001034      0x380 ./Drivers/STM32F3xx_HAL_Driver/Src/stm32f3xx_hal_adc.o
 .debug_frame   0x000013b4      0x644 ./Drivers/STM32F3xx_HAL_Driver/Src/stm32f3xx_hal_adc_ex.o
 .debug_frame   0x000019f8      0x4e8 ./Drivers/STM32F3xx_HAL_Driver/Src/stm32f3xx_hal_cortex.o
 .debug_frame   0x00001ee0      0x224 ./Drivers/STM32F3xx_HAL_Driver/Src/stm32f3xx_hal_dma.o
 .debug_frame   0x00002104      0x14c ./Drivers/STM32F3xx_HAL_Driver/Src/stm32f3xx_hal_gpio.o
 .debug_frame   0x00002250      0x198 ./Drivers/STM32F3xx_HAL_Driver/Src/stm32f3xx_hal_opamp.o
 .debug_frame   0x000023e8      0x214 ./Drivers/STM32F3xx_HAL_Driver/Src/stm32f3xx_hal_rcc.o
 .debug_frame   0x000025fc       0xb0 ./Drivers/STM32F3xx_HAL_Driver/Src/stm32f3xx_hal_rcc_ex.o
 .debug_frame   0x000026ac     0x1218 ./Drivers/STM32F3xx_HAL_Driver/Src/stm32f3xx_hal_tim.o
 .debug_frame   0x000038c4      0x688 ./Drivers/STM32F3xx_HAL_Driver/Src/stm32f3xx_hal_tim_ex.o
 .debug_frame   0x00003f4c       0xc8 ./HAL/Src/hal_adc.o
 .debug_frame   0x00004014       0x88 ./HAL/Src/hal_gpio.o
 .debug_frame   0x0000409c      0x17c ./HAL/Src/hal_timer.o
 .debug_frame   0x00004218       0xc0 ./Utils/Src/filter.o
 .debug_frame   0x000042d8      0x144 C:/ST/STM32CubeIDE_1.19.0/STM32CubeIDE/plugins/com.st.stm32cube.ide.mcu.externaltools.gnu-tools-for-stm32.13.3.rel1.win32_1.0.0.202411081344/tools/bin/../lib/gcc/arm-none-eabi/13.3.1/../../../../arm-none-eabi/lib/thumb/v7e-m+fp/hard\libc_nano.a(libc_a-findfp.o)
 .debug_frame   0x0000441c       0x20 C:/ST/STM32CubeIDE_1.19.0/STM32CubeIDE/plugins/com.st.stm32cube.ide.mcu.externaltools.gnu-tools-for-stm32.13.3.rel1.win32_1.0.0.202411081344/tools/bin/../lib/gcc/arm-none-eabi/13.3.1/../../../../arm-none-eabi/lib/thumb/v7e-m+fp/hard\libc_nano.a(libc_a-memset.o)
 .debug_frame   0x0000443c       0x20 C:/ST/STM32CubeIDE_1.19.0/STM32CubeIDE/plugins/com.st.stm32cube.ide.mcu.externaltools.gnu-tools-for-stm32.13.3.rel1.win32_1.0.0.202411081344/tools/bin/../lib/gcc/arm-none-eabi/13.3.1/../../../../arm-none-eabi/lib/thumb/v7e-m+fp/hard\libc_nano.a(libc_a-errno.o)
 .debug_frame   0x0000445c       0x2c C:/ST/STM32CubeIDE_1.19.0/STM32CubeIDE/plugins/com.st.stm32cube.ide.mcu.externaltools.gnu-tools-for-stm32.13.3.rel1.win32_1.0.0.202411081344/tools/bin/../lib/gcc/arm-none-eabi/13.3.1/../../../../arm-none-eabi/lib/thumb/v7e-m+fp/hard\libc_nano.a(libc_a-init.o)
 .debug_frame   0x00004488       0x48 C:/ST/STM32CubeIDE_1.19.0/STM32CubeIDE/plugins/com.st.stm32cube.ide.mcu.externaltools.gnu-tools-for-stm32.13.3.rel1.win32_1.0.0.202411081344/tools/bin/../lib/gcc/arm-none-eabi/13.3.1/../../../../arm-none-eabi/lib/thumb/v7e-m+fp/hard\libm.a(libm_a-wf_log.o)
 .debug_frame   0x000044d0       0x20 C:/ST/STM32CubeIDE_1.19.0/STM32CubeIDE/plugins/com.st.stm32cube.ide.mcu.externaltools.gnu-tools-for-stm32.13.3.rel1.win32_1.0.0.202411081344/tools/bin/../lib/gcc/arm-none-eabi/13.3.1/../../../../arm-none-eabi/lib/thumb/v7e-m+fp/hard\libm.a(libm_a-sf_nan.o)
 .debug_frame   0x000044f0       0x20 C:/ST/STM32CubeIDE_1.19.0/STM32CubeIDE/plugins/com.st.stm32cube.ide.mcu.externaltools.gnu-tools-for-stm32.13.3.rel1.win32_1.0.0.202411081344/tools/bin/../lib/gcc/arm-none-eabi/13.3.1/../../../../arm-none-eabi/lib/thumb/v7e-m+fp/hard\libm.a(libm_a-ef_log.o)

.debug_line_str
                0x00000000       0x64
 .debug_line_str
                0x00000000       0x64 ./Core/Startup/startup_stm32f303cctx.o
